Archive member included to satisfy reference by file (symbol)

c:/program files (x86)/atmel/studio/7.0/toolchain/avr8/avr8-gnu-toolchain/bin/../lib/gcc/avr/5.4.0/../../../../avr/lib/avrxmega2\libm.a(addsf3.o)
                              src/Drivers/imu.o (__subsf3)
c:/program files (x86)/atmel/studio/7.0/toolchain/avr8/avr8-gnu-toolchain/bin/../lib/gcc/avr/5.4.0/../../../../avr/lib/avrxmega2\libm.a(addsf3x.o)
                              c:/program files (x86)/atmel/studio/7.0/toolchain/avr8/avr8-gnu-toolchain/bin/../lib/gcc/avr/5.4.0/../../../../avr/lib/avrxmega2\libm.a(addsf3.o) (__addsf3x)
c:/program files (x86)/atmel/studio/7.0/toolchain/avr8/avr8-gnu-toolchain/bin/../lib/gcc/avr/5.4.0/../../../../avr/lib/avrxmega2\libm.a(asin.o)
                              src/Drivers/imu.o (asin)
c:/program files (x86)/atmel/studio/7.0/toolchain/avr8/avr8-gnu-toolchain/bin/../lib/gcc/avr/5.4.0/../../../../avr/lib/avrxmega2\libm.a(atan2.o)
                              src/Drivers/imu.o (atan2)
c:/program files (x86)/atmel/studio/7.0/toolchain/avr8/avr8-gnu-toolchain/bin/../lib/gcc/avr/5.4.0/../../../../avr/lib/avrxmega2\libm.a(atan.o)
                              c:/program files (x86)/atmel/studio/7.0/toolchain/avr8/avr8-gnu-toolchain/bin/../lib/gcc/avr/5.4.0/../../../../avr/lib/avrxmega2\libm.a(atan2.o) (atan)
c:/program files (x86)/atmel/studio/7.0/toolchain/avr8/avr8-gnu-toolchain/bin/../lib/gcc/avr/5.4.0/../../../../avr/lib/avrxmega2\libm.a(cmpsf2.o)
                              src/Drivers/MahonyAHRS.o (__eqsf2)
c:/program files (x86)/atmel/studio/7.0/toolchain/avr8/avr8-gnu-toolchain/bin/../lib/gcc/avr/5.4.0/../../../../avr/lib/avrxmega2\libm.a(divsf3.o)
                              src/Drivers/imu.o (__divsf3)
c:/program files (x86)/atmel/studio/7.0/toolchain/avr8/avr8-gnu-toolchain/bin/../lib/gcc/avr/5.4.0/../../../../avr/lib/avrxmega2\libm.a(divsf3x.o)
                              c:/program files (x86)/atmel/studio/7.0/toolchain/avr8/avr8-gnu-toolchain/bin/../lib/gcc/avr/5.4.0/../../../../avr/lib/avrxmega2\libm.a(divsf3.o) (__divsf3x)
c:/program files (x86)/atmel/studio/7.0/toolchain/avr8/avr8-gnu-toolchain/bin/../lib/gcc/avr/5.4.0/../../../../avr/lib/avrxmega2\libm.a(fixsfdi.o)
                              src/Drivers/MS5607.o (__fixsfdi)
c:/program files (x86)/atmel/studio/7.0/toolchain/avr8/avr8-gnu-toolchain/bin/../lib/gcc/avr/5.4.0/../../../../avr/lib/avrxmega2\libm.a(fixsfsi.o)
                              src/Drivers/mpu9250.o (__fixsfsi)
c:/program files (x86)/atmel/studio/7.0/toolchain/avr8/avr8-gnu-toolchain/bin/../lib/gcc/avr/5.4.0/../../../../avr/lib/avrxmega2\libm.a(fixunssfsi.o)
                              c:/program files (x86)/atmel/studio/7.0/toolchain/avr8/avr8-gnu-toolchain/bin/../lib/gcc/avr/5.4.0/../../../../avr/lib/avrxmega2\libm.a(fixsfsi.o) (__fixunssfsi)
c:/program files (x86)/atmel/studio/7.0/toolchain/avr8/avr8-gnu-toolchain/bin/../lib/gcc/avr/5.4.0/../../../../avr/lib/avrxmega2\libm.a(floatdisf.o)
                              src/Drivers/MS5607.o (__floatdisf)
c:/program files (x86)/atmel/studio/7.0/toolchain/avr8/avr8-gnu-toolchain/bin/../lib/gcc/avr/5.4.0/../../../../avr/lib/avrxmega2\libm.a(floatsisf.o)
                              src/Drivers/imu.o (__floatunsisf)
c:/program files (x86)/atmel/studio/7.0/toolchain/avr8/avr8-gnu-toolchain/bin/../lib/gcc/avr/5.4.0/../../../../avr/lib/avrxmega2\libm.a(floatundisf.o)
                              c:/program files (x86)/atmel/studio/7.0/toolchain/avr8/avr8-gnu-toolchain/bin/../lib/gcc/avr/5.4.0/../../../../avr/lib/avrxmega2\libm.a(floatdisf.o) (__fp_di2sf)
c:/program files (x86)/atmel/studio/7.0/toolchain/avr8/avr8-gnu-toolchain/bin/../lib/gcc/avr/5.4.0/../../../../avr/lib/avrxmega2\libm.a(fp_arccos.o)
                              c:/program files (x86)/atmel/studio/7.0/toolchain/avr8/avr8-gnu-toolchain/bin/../lib/gcc/avr/5.4.0/../../../../avr/lib/avrxmega2\libm.a(asin.o) (__fp_arccos)
c:/program files (x86)/atmel/studio/7.0/toolchain/avr8/avr8-gnu-toolchain/bin/../lib/gcc/avr/5.4.0/../../../../avr/lib/avrxmega2\libm.a(fp_cmp.o)
                              c:/program files (x86)/atmel/studio/7.0/toolchain/avr8/avr8-gnu-toolchain/bin/../lib/gcc/avr/5.4.0/../../../../avr/lib/avrxmega2\libm.a(cmpsf2.o) (__fp_cmp)
c:/program files (x86)/atmel/studio/7.0/toolchain/avr8/avr8-gnu-toolchain/bin/../lib/gcc/avr/5.4.0/../../../../avr/lib/avrxmega2\libm.a(fp_inf.o)
                              c:/program files (x86)/atmel/studio/7.0/toolchain/avr8/avr8-gnu-toolchain/bin/../lib/gcc/avr/5.4.0/../../../../avr/lib/avrxmega2\libm.a(addsf3x.o) (__fp_inf)
c:/program files (x86)/atmel/studio/7.0/toolchain/avr8/avr8-gnu-toolchain/bin/../lib/gcc/avr/5.4.0/../../../../avr/lib/avrxmega2\libm.a(fp_nan.o)
                              c:/program files (x86)/atmel/studio/7.0/toolchain/avr8/avr8-gnu-toolchain/bin/../lib/gcc/avr/5.4.0/../../../../avr/lib/avrxmega2\libm.a(addsf3x.o) (__fp_nan)
[...]
Memory Configuration

Name             Origin             Length             Attributes
text             0x00000000         0x00100000         xr
data             0x00802000         0x0000ffa0         rw !x
eeprom           0x00810000         0x00010000         rw !x
fuse             0x00820000         0x00000006         rw !x
lock             0x00830000         0x00000400         rw !x
signature        0x00840000         0x00000400         rw !x
user_signatures  0x00850000         0x00000400         rw !x
*default*        0x00000000         0xffffffff

Linker script and memory map

LOAD C:/Program Files (x86)/Atmel/Studio/7.0/Packs/atmel/XMEGAA_DFP/1.1.68/gcc/dev/atxmega32a4u/avrxmega2/crtatxmega32a4u.o
LOAD src/ASF/common/boards/user_board/init.o
LOAD src/ASF/common/services/clock/xmega/sysclk.o
LOAD src/ASF/common/services/ioport/xmega/ioport_compat.o
LOAD src/ASF/common/services/serial/usart_serial.o
LOAD src/ASF/common/services/sleepmgr/xmega/sleepmgr.o
LOAD src/ASF/common/services/spi/xmega_spi/spi_master.o
LOAD src/ASF/common/utils/stdio/read.o
LOAD src/ASF/common/utils/stdio/write.o
LOAD src/ASF/xmega/drivers/adc/adc.o
LOAD src/ASF/xmega/drivers/adc/xmega_aau/adc_aau.o
LOAD src/ASF/xmega/drivers/cpu/ccp.o
LOAD src/ASF/xmega/drivers/nvm/nvm.o
LOAD src/ASF/xmega/drivers/nvm/nvm_asm.o
LOAD src/ASF/xmega/drivers/spi/spi.o
LOAD src/ASF/xmega/drivers/tc/tc.o
LOAD src/ASF/xmega/drivers/twi/twim.o
LOAD src/ASF/xmega/drivers/twi/twis.o
LOAD src/ASF/xmega/drivers/usart/usart.o
LOAD src/Drivers/adc.o
LOAD src/Drivers/GPS_Parser.o
LOAD src/Drivers/imu.o
LOAD src/Drivers/interrupt.o
LOAD src/Drivers/MahonyAHRS.o
LOAD src/Drivers/mpu9250.o
LOAD src/Drivers/MS5607.o
LOAD src/Drivers/nmea.o
LOAD src/Drivers/SPI.o
LOAD src/Drivers/uart.o
LOAD src/main.o
START GROUP
LOAD c:/program files (x86)/atmel/studio/7.0/toolchain/avr8/avr8-gnu-toolchain/bin/../lib/gcc/avr/5.4.0/../../../../avr/lib/avrxmega2\libm.a
END GROUP
START GROUP
LOAD c:/program files (x86)/atmel/studio/7.0/toolchain/avr8/avr8-gnu-toolchain/bin/../lib/gcc/avr/5.4.0/avrxmega2\libgcc.a
LOAD c:/program files (x86)/atmel/studio/7.0/toolchain/avr8/avr8-gnu-toolchain/bin/../lib/gcc/avr/5.4.0/../../../../avr/lib/avrxmega2\libm.a
LOAD c:/program files (x86)/atmel/studio/7.0/toolchain/avr8/avr8-gnu-toolchain/bin/../lib/gcc/avr/5.4.0/../../../../avr/lib/avrxmega2\libc.a
LOAD C:/Program Files (x86)/Atmel/Studio/7.0/Packs/atmel/XMEGAA_DFP/1.1.68/gcc/dev/atxmega32a4u/avrxmega2\libatxmega32a4u.a
END GROUP
                0x00100000                __TEXT_REGION_LENGTH__ = DEFINED (__TEXT_REGION_LENGTH__)?__TEXT_REGION_LENGTH__:0x100000
                0x0000ffa0                __DATA_REGION_LENGTH__ = DEFINED (__DATA_REGION_LENGTH__)?__DATA_REGION_LENGTH__:0xffa0
                0x00010000                __EEPROM_REGION_LENGTH__ = DEFINED (__EEPROM_REGION_LENGTH__)?__EEPROM_REGION_LENGTH__:0x10000
                [0x00000006]                __FUSE_REGION_LENGTH__ = DEFINED (__FUSE_REGION_LENGTH__)?__FUSE_REGION_LENGTH__:0x400
                0x00000400                __LOCK_REGION_LENGTH__ = DEFINED (__LOCK_REGION_LENGTH__)?__LOCK_REGION_LENGTH__:0x400
                0x00000400                __SIGNATURE_REGION_LENGTH__ = DEFINED (__SIGNATURE_REGION_LENGTH__)?__SIGNATURE_REGION_LENGTH__:0x400
                0x00000400                __USER_SIGNATURE_REGION_LENGTH__ = DEFINED (__USER_SIGNATURE_REGION_LENGTH__)?__USER_SIGNATURE_REGION_LENGTH__:0x400

.hash
 *(.hash)

.dynsym
 *(.dynsym)

.dynstr
 *(.dynstr)

.gnu.version
 *(.gnu.version)

.gnu.version_d
 *(.gnu.version_d)

.gnu.version_r
 *(.gnu.version_r)

.rel.init
 *(.rel.init)

.rela.init
 *(.rela.init)

.rel.text
 *(.rel.text)
 *(.rel.text.*)
 *(.rel.gnu.linkonce.t*)

.rela.text
 *(.rela.text)
 *(.rela.text.*)
 *(.rela.gnu.linkonce.t*)

.rel.fini
 *(.rel.fini)

.rela.fini
 *(.rela.fini)

.rel.rodata
 *(.rel.rodata)
 *(.rel.rodata.*)
 *(.rel.gnu.linkonce.r*)

.rela.rodata
 *(.rela.rodata)
 *(.rela.rodata.*)
 *(.rela.gnu.linkonce.r*)

.rel.data
 *(.rel.data)
 *(.rel.data.*)
 *(.rel.gnu.linkonce.d*)

.rela.data
 *(.rela.data)
 *(.rela.data.*)
 *(.rela.gnu.linkonce.d*)

.rel.ctors
 *(.rel.ctors)

.rela.ctors
 *(.rela.ctors)

.rel.dtors
 *(.rel.dtors)

.rela.dtors
 *(.rela.dtors)

.rel.got
 *(.rel.got)

.rela.got
 *(.rela.got)

.rel.bss
 *(.rel.bss)

.rela.bss
 *(.rela.bss)

.rel.plt
 *(.rel.plt)

.rela.plt
 *(.rela.plt)

.text           0x00000000     0x5e50
 *(.vectors)
 .vectors       0x00000000      0x1fc C:/Program Files (x86)/Atmel/Studio/7.0/Packs/atmel/XMEGAA_DFP/1.1.68/gcc/dev/atxmega32a4u/avrxmega2/crtatxmega32a4u.o
                0x00000000                __vector_default
                0x00000000                __vectors
 *(.vectors)
 *(.progmem.gcc*)
 .progmem.gcc_fplib
                0x000001fc       0x14 c:/program files (x86)/atmel/studio/7.0/toolchain/avr8/avr8-gnu-toolchain/bin/../lib/gcc/avr/5.4.0/../../../../avr/lib/avrxmega2\libm.a(asin.o)
 .progmem.gcc_fplib
                0x00000210       0x2d c:/program files (x86)/atmel/studio/7.0/toolchain/avr8/avr8-gnu-toolchain/bin/../lib/gcc/avr/5.4.0/../../../../avr/lib/avrxmega2\libm.a(atan.o)
 .progmem.gcc_fplib
                0x0000023d       0x28 c:/program files (x86)/atmel/studio/7.0/toolchain/avr8/avr8-gnu-toolchain/bin/../lib/gcc/avr/5.4.0/../../../../avr/lib/avrxmega2\libm.a(fp_arccos.o)
                0x00000266                . = ALIGN (0x2)
 *fill*         0x00000265        0x1 
                0x00000266                __trampolines_start = .
 *(.trampolines)
 .trampolines   0x00000266        0x0 linker stubs
 *(.trampolines*)
                0x00000266                __trampolines_end = .
 *libprintf_flt.a:*(.progmem.data)
 *libc.a:*(.progmem.data)
 *(.progmem*)
                0x00000266                . = ALIGN (0x2)
 *(.jumptables)
 *(.jumptables*)
 *(.lowtext)
 *(.lowtext*)
                0x00000266                __ctors_start = .
 *(.ctors)
                0x00000266                __ctors_end = .
                0x00000266                __dtors_start = .
 *(.dtors)
                0x00000266                __dtors_end = .
 SORT(*)(.ctors)
 SORT(*)(.dtors)
 *(.init0)
 .init0         0x00000266        0x0 C:/Program Files (x86)/Atmel/Studio/7.0/Packs/atmel/XMEGAA_DFP/1.1.68/gcc/dev/atxmega32a4u/avrxmega2/crtatxmega32a4u.o
                0x00000266                __init
 *(.init0)
 *(.init1)
 *(.init1)
 *(.init2)
 .init2         0x00000266        0xc C:/Program Files (x86)/Atmel/Studio/7.0/Packs/atmel/XMEGAA_DFP/1.1.68/gcc/dev/atxmega32a4u/avrxmega2/crtatxmega32a4u.o
 *(.init2)
 *(.init3)
 *(.init3)
 *(.init4)
 .init4         0x00000272       0x16 c:/program files (x86)/atmel/studio/7.0/toolchain/avr8/avr8-gnu-toolchain/bin/../lib/gcc/avr/5.4.0/avrxmega2\libgcc.a(_copy_data.o)
                0x00000272                __do_copy_data
 .init4         0x00000288       0x10 c:/program files (x86)/atmel/studio/7.0/toolchain/avr8/avr8-gnu-toolchain/bin/../lib/gcc/avr/5.4.0/avrxmega2\libgcc.a(_clear_bss.o)
                0x00000288                __do_clear_bss
 *(.init4)
 *(.init5)
 *(.init5)
 *(.init6)
 *(.init6)
 *(.init7)
 *(.init7)
 *(.init8)
 *(.init8)
 *(.init9)
 .init9         0x00000298        0x8 C:/Program Files (x86)/Atmel/Studio/7.0/Packs/atmel/XMEGAA_DFP/1.1.68/gcc/dev/atxmega32a4u/avrxmega2/crtatxmega32a4u.o
 *(.init9)
 *(.text)
 .text          0x000002a0        0x2 C:/Program Files (x86)/Atmel/Studio/7.0/Packs/atmel/XMEGAA_DFP/1.1.68/gcc/dev/atxmega32a4u/avrxmega2/crtatxmega32a4u.o
                0x000002a0                __vector_38
                0x000002a0                __vector_104
                0x000002a0                __vector_63
                0x000002a0                __vector_28
                0x000002a0                __vector_67
                0x000002a0                __vector_1
                0x000002a0                __vector_119
                0x000002a0                __vector_32
                0x000002a0                __vector_75
                0x000002a0                __vector_91
                0x000002a0                __vector_34
                0x000002a0                __vector_62
                0x000002a0                __vector_102
                0x000002a0                __vector_24
                0x000002a0                __vector_12
                0x000002a0                __vector_55
                0x000002a0                __vector_69
                0x000002a0                __vector_90
                0x000002a0                __bad_interrupt
                0x000002a0                __vector_122
                0x000002a0                __vector_114
                0x000002a0                __vector_6
                0x000002a0                __vector_110
                0x000002a0                __vector_31
                0x000002a0                __vector_92
                0x000002a0                __vector_35
                0x000002a0                __vector_117
                0x000002a0                __vector_39
                0x000002a0                __vector_107
                0x000002a0                __vector_3
                0x000002a0                __vector_105
                0x000002a0                __vector_98
                0x000002a0                __vector_68
                0x000002a0                __vector_30
                0x000002a0                __vector_45
                0x000002a0                __vector_93
                0x000002a0                __vector_61
                0x000002a0                __vector_11
                0x000002a0                __vector_54
                0x000002a0                __vector_99
                0x000002a0                __vector_56
                0x000002a0                __vector_7
                0x000002a0                __vector_125
                0x000002a0                __vector_123
                0x000002a0                __vector_41
                0x000002a0                __vector_100
                0x000002a0                __vector_101
                0x000002a0                __vector_88
                0x000002a0                __vector_109
                0x000002a0                __vector_43
                0x000002a0                __vector_27
                0x000002a0                __vector_5
                0x000002a0                __vector_113
                0x000002a0                __vector_33
                0x000002a0                __vector_76
                0x000002a0                __vector_115
                0x000002a0                __vector_37
                0x000002a0                __vector_95
                0x000002a0                __vector_103
                0x000002a0                __vector_96
                0x000002a0                __vector_89
                0x000002a0                __vector_108
                0x000002a0                __vector_4
                0x000002a0                __vector_44
                0x000002a0                __vector_106
                0x000002a0                __vector_118
                0x000002a0                __vector_9
                0x000002a0                __vector_2
                0x000002a0                __vector_66
                0x000002a0                __vector_36
                0x000002a0                __vector_58
                0x000002a0                __vector_70
                0x000002a0                __vector_29
                0x000002a0                __vector_60
                0x000002a0                __vector_121
                0x000002a0                __vector_40
                0x000002a0                __vector_94
                0x000002a0                __vector_126
                0x000002a0                __vector_8
                0x000002a0                __vector_26
                0x000002a0                __vector_124
                0x000002a0                __vector_116
                0x000002a0                __vector_112
                0x000002a0                __vector_111
                0x000002a0                __vector_57
                0x000002a0                __vector_53
                0x000002a0                __vector_10
                0x000002a0                __vector_59
                0x000002a0                __vector_97
                0x000002a0                __vector_42
                0x000002a0                __vector_87
                0x000002a0                __vector_65
                0x000002a0                __vector_120
                0x000002a2                . = ALIGN (0x2)
 *(.text.*)
 .text.board_init
                0x000002a2        0x2 src/ASF/common/boards/user_board/init.o
                0x000002a2                board_init
 .text.sysclk_init
                0x000002a4       0x20 src/ASF/common/services/clock/xmega/sysclk.o
                0x000002a4                sysclk_init
 .text.sysclk_enable_module
                0x000002c4       0x2c src/ASF/common/services/clock/xmega/sysclk.o
                0x000002c4                sysclk_enable_module
 .text.ioport_configure_port_pin
                0x000002f0       0x4e src/ASF/common/services/ioport/xmega/ioport_compat.o
                0x000002f0                ioport_configure_port_pin
 .text._read    0x0000033e       0x32 src/ASF/common/utils/stdio/read.o
                0x0000033e                _read
 .text._write   0x00000370       0x24 src/ASF/common/utils/stdio/write.o
                0x00000370                _write
 .text.__vector_71
                0x00000394       0x5c src/ASF/xmega/drivers/adc/xmega_aau/adc_aau.o
                0x00000394                __vector_71
 .text.__vector_72
                0x000003f0       0x5c src/ASF/xmega/drivers/adc/xmega_aau/adc_aau.o
                0x000003f0                __vector_72
 .text.__vector_73
                0x0000044c       0x5c src/ASF/xmega/drivers/adc/xmega_aau/adc_aau.o
                0x0000044c                __vector_73
 .text.__vector_74
                0x000004a8       0x5c src/ASF/xmega/drivers/adc/xmega_aau/adc_aau.o
                0x000004a8                __vector_74
 .text.nvm_read_byte
                0x00000504       0x14 src/ASF/xmega/drivers/nvm/nvm_asm.o
                0x00000504                nvm_read_byte
 .text.__vector_14
                0x00000518       0x52 src/ASF/xmega/drivers/tc/tc.o
                0x00000518                __vector_14
 .text.__vector_15
                0x0000056a       0x52 src/ASF/xmega/drivers/tc/tc.o
                0x0000056a                __vector_15
 .text.__vector_16
                0x000005bc       0x52 src/ASF/xmega/drivers/tc/tc.o
                0x000005bc                __vector_16
 .text.__vector_17
                0x0000060e       0x52 src/ASF/xmega/drivers/tc/tc.o
                0x0000060e                __vector_17
 .text.__vector_18
                0x00000660       0x52 src/ASF/xmega/drivers/tc/tc.o
                0x00000660                __vector_18
 .text.__vector_19
                0x000006b2       0x52 src/ASF/xmega/drivers/tc/tc.o
                0x000006b2                __vector_19
 .text.__vector_20
                0x00000704       0x52 src/ASF/xmega/drivers/tc/tc.o
                0x00000704                __vector_20
 .text.__vector_21
                0x00000756       0x52 src/ASF/xmega/drivers/tc/tc.o
                0x00000756                __vector_21
 .text.__vector_22
                0x000007a8       0x52 src/ASF/xmega/drivers/tc/tc.o
                0x000007a8                __vector_22
 .text.__vector_23
                0x000007fa       0x52 src/ASF/xmega/drivers/tc/tc.o
                0x000007fa                __vector_23
 .text.__vector_77
                0x0000084c       0x52 src/ASF/xmega/drivers/tc/tc.o
                0x0000084c                __vector_77
 .text.__vector_78
                0x0000089e       0x52 src/ASF/xmega/drivers/tc/tc.o
                0x0000089e                __vector_78
 .text.__vector_79
                0x000008f0       0x52 src/ASF/xmega/drivers/tc/tc.o
                0x000008f0                __vector_79
 .text.__vector_80
                0x00000942       0x52 src/ASF/xmega/drivers/tc/tc.o
                0x00000942                __vector_80
 .text.__vector_81
                0x00000994       0x52 src/ASF/xmega/drivers/tc/tc.o
                0x00000994                __vector_81
 .text.__vector_82
                0x000009e6       0x52 src/ASF/xmega/drivers/tc/tc.o
                0x000009e6                __vector_82
 .text.__vector_83
                0x00000a38       0x52 src/ASF/xmega/drivers/tc/tc.o
                0x00000a38                __vector_83
 .text.__vector_84
                0x00000a8a       0x52 src/ASF/xmega/drivers/tc/tc.o
                0x00000a8a                __vector_84
 .text.__vector_85
                0x00000adc       0x52 src/ASF/xmega/drivers/tc/tc.o
                0x00000adc                __vector_85
 .text.__vector_86
                0x00000b2e       0x52 src/ASF/xmega/drivers/tc/tc.o
                0x00000b2e                __vector_86
 .text.__vector_47
                0x00000b80       0x52 src/ASF/xmega/drivers/tc/tc.o
                0x00000b80                __vector_47
 .text.__vector_48
                0x00000bd2       0x52 src/ASF/xmega/drivers/tc/tc.o
                0x00000bd2                __vector_48
 .text.__vector_49
                0x00000c24       0x52 src/ASF/xmega/drivers/tc/tc.o
                0x00000c24                __vector_49
 .text.__vector_50
                0x00000c76       0x52 src/ASF/xmega/drivers/tc/tc.o
                0x00000c76                __vector_50
 .text.__vector_51
                0x00000cc8       0x52 src/ASF/xmega/drivers/tc/tc.o
                0x00000cc8                __vector_51
 .text.__vector_52
                0x00000d1a       0x52 src/ASF/xmega/drivers/tc/tc.o
                0x00000d1a                __vector_52
 .text.twim_interrupt_handler
                0x00000d6c      0x12e src/ASF/xmega/drivers/twi/twim.o
 .text.__vector_13
                0x00000e9a       0x46 src/ASF/xmega/drivers/twi/twim.o
                0x00000e9a                __vector_13
 .text.__vector_46
                0x00000ee0       0x46 src/ASF/xmega/drivers/twi/twim.o
                0x00000ee0                __vector_46
 .text.twi_master_init
                0x00000f26       0x2a src/ASF/xmega/drivers/twi/twim.o
                0x00000f26                twi_master_init
 .text.twi_master_transfer
                0x00000f50       0xc8 src/ASF/xmega/drivers/twi/twim.o
                0x00000f50                twi_master_transfer
 .text.usart_putchar
                0x00001018       0x10 src/ASF/xmega/drivers/usart/usart.o
                0x00001018                usart_putchar
 .text.usart_getchar
                0x00001028        0xc src/ASF/xmega/drivers/usart/usart.o
                0x00001028                usart_getchar
 .text.usart_set_baudrate
                0x00001034      0x226 src/ASF/xmega/drivers/usart/usart.o
                0x00001034                usart_set_baudrate
 .text.usart_init_rs232
                0x0000125a      0x1f8 src/ASF/xmega/drivers/usart/usart.o
                0x0000125a                usart_init_rs232
 .text.adc_init
                0x00001452       0x4e src/Drivers/adc.o
                0x00001452                adc_init
 .text.adc_set_pin
                0x000014a0       0x2c src/Drivers/adc.o
                0x000014a0                adc_set_pin
 .text.adc_read
                0x000014cc       0x1c src/Drivers/adc.o
                0x000014cc                adc_read
 .text.init_imu
                0x000014e8        0x8 src/Drivers/imu.o
                0x000014e8                init_imu
 .text.imu_update
                0x000014f0      0x7d8 src/Drivers/imu.o
                0x000014f0                imu_update
 .text.invSqrt  0x00001cc8       0x76 src/Drivers/MahonyAHRS.o
                0x00001cc8                invSqrt
 .text.MahonyAHRSupdateIMU
                0x00001d3e      0xa02 src/Drivers/MahonyAHRS.o
                0x00001d3e                MahonyAHRSupdateIMU
 .text.MahonyAHRSupdate
                0x00002740     0x1070 src/Drivers/MahonyAHRS.o
                0x00002740                MahonyAHRSupdate
 .text.__portable_avr_delay_cycles
                0x000037b0       0x16 src/Drivers/mpu9250.o
 .text.mpu9250_ODR_init
                0x000037c6       0x3e src/Drivers/mpu9250.o
                0x000037c6                mpu9250_ODR_init
 .text.mpu9250_gyro_init
                0x00003804       0x7c src/Drivers/mpu9250.o
                0x00003804                mpu9250_gyro_init
 .text.mpu9250_acc_init
                0x00003880       0x7c src/Drivers/mpu9250.o
                0x00003880                mpu9250_acc_init
 .text.mpu9250_mag_cal
                0x000038fc      0x292 src/Drivers/mpu9250.o
                0x000038fc                mpu9250_mag_cal
 .text.mpu9250_mag_init
                0x00003b8e      0x1d6 src/Drivers/mpu9250.o
                0x00003b8e                mpu9250_mag_init
 .text.mpu9250_int_init
                0x00003d64       0x7c src/Drivers/mpu9250.o
                0x00003d64                mpu9250_int_init
 .text.init_mpu9250
                0x00003de0       0xdc src/Drivers/mpu9250.o
                0x00003de0                init_mpu9250
 .text.read_mpu9250
                0x00003ebc      0x34c src/Drivers/mpu9250.o
                0x00003ebc                read_mpu9250
 .text.__vector_64
                0x00004208       0x54 src/Drivers/mpu9250.o
                0x00004208                __vector_64
 .text.__portable_avr_delay_cycles
                0x0000425c       0x16 src/Drivers/MS5607.o
 .text.read16   0x00004272       0x2a src/Drivers/MS5607.o
                0x00004272                read16
 .text.pressure_reset
                0x0000429c       0x26 src/Drivers/MS5607.o
                0x0000429c                pressure_reset
 .text.pressure_init
                0x000042c2       0xaa src/Drivers/MS5607.o
                0x000042c2                pressure_init
 .text.__portable_avr_delay_cycles
                0x0000436c       0x16 src/Drivers/SPI.o
 .text.spi_init
                0x00004382      0x1e0 src/Drivers/SPI.o
                0x00004382                spi_init
 .text.spi_read
                0x00004562       0x2c src/Drivers/SPI.o
                0x00004562                spi_read
 .text.spi_write
                0x0000458e       0x2e src/Drivers/SPI.o
                0x0000458e                spi_write
 .text.spi_select
                0x000045bc       0x40 src/Drivers/SPI.o
                0x000045bc                spi_select
 .text.spi_deselect
                0x000045fc       0x40 src/Drivers/SPI.o
                0x000045fc                spi_deselect
 .text.usart_serial_getchar
                0x0000463c       0x12 src/Drivers/uart.o
 .text.usart_serial_putchar
                0x0000464e        0x6 src/Drivers/uart.o
 .text.uart_sd_init
                0x00004654       0x90 src/Drivers/uart.o
                0x00004654                uart_sd_init
 .text.uart_gps_init
                0x000046e4       0xa0 src/Drivers/uart.o
                0x000046e4                uart_gps_init
 .text.__portable_avr_delay_cycles
                0x00004784       0x16 src/main.o
 .text.sysclk_enable_peripheral_clock
                0x0000479a      0x1b2 src/main.o
 .text.ring_push
                0x0000494c       0x4e src/main.o
                0x0000494c                ring_push
 .text.ring_pop
                0x0000499a       0x56 src/main.o
                0x0000499a                ring_pop
 .text.__vector_25
                0x000049f0       0x4e src/main.o
                0x000049f0                __vector_25
 .text.main     0x00004a3e      0x408 src/main.o
                0x00004a3e                main
 .text.avr-libc.fplib
                0x00004e46        0xa c:/program files (x86)/atmel/studio/7.0/toolchain/avr8/avr8-gnu-toolchain/bin/../lib/gcc/avr/5.4.0/../../../../avr/lib/avrxmega2\libm.a(addsf3.o)
                0x00004e46                __subsf3
                0x00004e48                __addsf3
 .text.avr-libc.fplib
                0x00004e50       0xc0 c:/program files (x86)/atmel/studio/7.0/toolchain/avr8/avr8-gnu-toolchain/bin/../lib/gcc/avr/5.4.0/../../../../avr/lib/avrxmega2\libm.a(addsf3x.o)
                0x00004e6a                __addsf3x
 .text.avr-libc.fplib
                0x00004f10       0x2e c:/program files (x86)/atmel/studio/7.0/toolchain/avr8/avr8-gnu-toolchain/bin/../lib/gcc/avr/5.4.0/../../../../avr/lib/avrxmega2\libm.a(asin.o)
                0x00004f10                asin
 .text.avr-libc.fplib
                0x00004f3e       0x74 c:/program files (x86)/atmel/studio/7.0/toolchain/avr8/avr8-gnu-toolchain/bin/../lib/gcc/avr/5.4.0/../../../../avr/lib/avrxmega2\libm.a(atan2.o)
                0x00004f5c                atan2
 .text.avr-libc.fplib
                0x00004fb2       0x50 c:/program files (x86)/atmel/studio/7.0/toolchain/avr8/avr8-gnu-toolchain/bin/../lib/gcc/avr/5.4.0/../../../../avr/lib/avrxmega2\libm.a(atan.o)
                0x00004fb2                atan
 .text.avr-libc.fplib
                0x00005002        0x8 c:/program files (x86)/atmel/studio/7.0/toolchain/avr8/avr8-gnu-toolchain/bin/../lib/gcc/avr/5.4.0/../../../../avr/lib/avrxmega2\libm.a(cmpsf2.o)
                0x00005002                __nesf2
                0x00005002                __eqsf2
                0x00005002                __cmpsf2
                0x00005002                __ltsf2
                0x00005002                __lesf2
 .text.avr-libc.fplib
                0x0000500a        0x4 c:/program files (x86)/atmel/studio/7.0/toolchain/avr8/avr8-gnu-toolchain/bin/../lib/gcc/avr/5.4.0/../../../../avr/lib/avrxmega2\libm.a(divsf3.o)
                0x0000500a                __divsf3
 .text.avr-libc.fplib
                0x0000500e       0xcc c:/program files (x86)/atmel/studio/7.0/toolchain/avr8/avr8-gnu-toolchain/bin/../lib/gcc/avr/5.4.0/../../../../avr/lib/avrxmega2\libm.a(divsf3x.o)
                0x00005024                __divsf3x
                0x00005028                __divsf3_pse
 .text.avr-libc.fplib
                0x000050da        0xa c:/program files (x86)/atmel/studio/7.0/toolchain/avr8/avr8-gnu-toolchain/bin/../lib/gcc/avr/5.4.0/../../../../avr/lib/avrxmega2\libm.a(fixsfsi.o)
                0x000050da                __fixsfsi
 .text.avr-libc.fplib
                0x000050e4       0x58 c:/program files (x86)/atmel/studio/7.0/toolchain/avr8/avr8-gnu-toolchain/bin/../lib/gcc/avr/5.4.0/../../../../avr/lib/avrxmega2\libm.a(fixunssfsi.o)
                0x000050e4                __fixunssfsi
 .text.avr-libc.fplib
                0x0000513c       0x7a c:/program files (x86)/atmel/studio/7.0/toolchain/avr8/avr8-gnu-toolchain/bin/../lib/gcc/avr/5.4.0/../../../../avr/lib/avrxmega2\libm.a(floatsisf.o)
                0x0000513c                __floatunsisf
                0x00005140                __floatsisf
 .text.avr-libc.fplib
                0x000051b6       0x36 c:/program files (x86)/atmel/studio/7.0/toolchain/avr8/avr8-gnu-toolchain/bin/../lib/gcc/avr/5.4.0/../../../../avr/lib/avrxmega2\libm.a(fp_arccos.o)
                0x000051b6                __fp_arccos
 .text.avr-libc.fplib
                0x000051ec       0x48 c:/program files (x86)/atmel/studio/7.0/toolchain/avr8/avr8-gnu-toolchain/bin/../lib/gcc/avr/5.4.0/../../../../avr/lib/avrxmega2\libm.a(fp_cmp.o)
                0x000051ec                __fp_cmp
 .text.avr-libc.fplib
                0x00005234        0xc c:/program files (x86)/atmel/studio/7.0/toolchain/avr8/avr8-gnu-toolchain/bin/../lib/gcc/avr/5.4.0/../../../../avr/lib/avrxmega2\libm.a(fp_inf.o)
                0x00005234                __fp_inf
 .text.avr-libc.fplib
                0x00005240        0x6 c:/program files (x86)/atmel/studio/7.0/toolchain/avr8/avr8-gnu-toolchain/bin/../lib/gcc/avr/5.4.0/../../../../avr/lib/avrxmega2\libm.a(fp_nan.o)
                0x00005240                __fp_nan
 .text.avr-libc.fplib
                0x00005246       0x4a c:/program files (x86)/atmel/studio/7.0/toolchain/avr8/avr8-gnu-toolchain/bin/../lib/gcc/avr/5.4.0/../../../../avr/lib/avrxmega2\libm.a(fp_powser.o)
                0x00005246                __fp_powser
 .text.avr-libc.fplib
                0x00005290       0x22 c:/program files (x86)/atmel/studio/7.0/toolchain/avr8/avr8-gnu-toolchain/bin/../lib/gcc/avr/5.4.0/../../../../avr/lib/avrxmega2\libm.a(fp_powsodd.o)
                0x00005290                __fp_powsodd
 .text.avr-libc.fplib
                0x000052b2        0xe c:/program files (x86)/atmel/studio/7.0/toolchain/avr8/avr8-gnu-toolchain/bin/../lib/gcc/avr/5.4.0/../../../../avr/lib/avrxmega2\libm.a(fp_pscA.o)
                0x000052b2                __fp_pscA
 .text.avr-libc.fplib
                0x000052c0        0xe c:/program files (x86)/atmel/studio/7.0/toolchain/avr8/avr8-gnu-toolchain/bin/../lib/gcc/avr/5.4.0/../../../../avr/lib/avrxmega2\libm.a(fp_pscB.o)
                0x000052c0                __fp_pscB
 .text.avr-libc.fplib
                0x000052ce       0x22 c:/program files (x86)/atmel/studio/7.0/toolchain/avr8/avr8-gnu-toolchain/bin/../lib/gcc/avr/5.4.0/../../../../avr/lib/avrxmega2\libm.a(fp_round.o)
                0x000052ce                __fp_round
 .text.avr-libc.fplib
                0x000052f0       0x44 c:/program files (x86)/atmel/studio/7.0/toolchain/avr8/avr8-gnu-toolchain/bin/../lib/gcc/avr/5.4.0/../../../../avr/lib/avrxmega2\libm.a(fp_split3.o)
                0x000052f0                __fp_split3
                0x00005300                __fp_splitA
 .text.avr-libc.fplib
                0x00005334        0xe c:/program files (x86)/atmel/studio/7.0/toolchain/avr8/avr8-gnu-toolchain/bin/../lib/gcc/avr/5.4.0/../../../../avr/lib/avrxmega2\libm.a(fp_zero.o)
                0x00005334                __fp_zero
                0x00005336                __fp_szero
 .text.avr-libc.fplib
                0x00005342        0x8 c:/program files (x86)/atmel/studio/7.0/toolchain/avr8/avr8-gnu-toolchain/bin/../lib/gcc/avr/5.4.0/../../../../avr/lib/avrxmega2\libm.a(gesf2.o)
                0x00005342                __gesf2
                0x00005342                __gtsf2
 .text.avr-libc.fplib
                0x0000534a        0xe c:/program files (x86)/atmel/studio/7.0/toolchain/avr8/avr8-gnu-toolchain/bin/../lib/gcc/avr/5.4.0/../../../../avr/lib/avrxmega2\libm.a(inverse.o)
                0x0000534a                inverse
 .text.avr-libc.fplib
                0x00005358        0x4 c:/program files (x86)/atmel/studio/7.0/toolchain/avr8/avr8-gnu-toolchain/bin/../lib/gcc/avr/5.4.0/../../../../avr/lib/avrxmega2\libm.a(mulsf3.o)
                0x00005358                __mulsf3
 .text.avr-libc.fplib
                0x0000535c       0xc2 c:/program files (x86)/atmel/studio/7.0/toolchain/avr8/avr8-gnu-toolchain/bin/../lib/gcc/avr/5.4.0/../../../../avr/lib/avrxmega2\libm.a(mulsf3x.o)
                0x00005370                __mulsf3x
                0x00005374                __mulsf3_pse
 .text.avr-libc.fplib
                0x0000541e       0x84 c:/program files (x86)/atmel/studio/7.0/toolchain/avr8/avr8-gnu-toolchain/bin/../lib/gcc/avr/5.4.0/../../../../avr/lib/avrxmega2\libm.a(sqrt.o)
                0x00005426                sqrtf
                0x00005426                sqrt
 .text.avr-libc.fplib
                0x000054a2        0x6 c:/program files (x86)/atmel/studio/7.0/toolchain/avr8/avr8-gnu-toolchain/bin/../lib/gcc/avr/5.4.0/../../../../avr/lib/avrxmega2\libm.a(square.o)
                0x000054a2                square
 .text.avr-libc.fplib
                0x000054a8       0x1c c:/program files (x86)/atmel/studio/7.0/toolchain/avr8/avr8-gnu-toolchain/bin/../lib/gcc/avr/5.4.0/../../../../avr/lib/avrxmega2\libm.a(fp_mpack.o)
                0x000054a8                __fp_mpack
                0x000054ac                __fp_mpack_finite
 .text.avr-libc.fplib
                0x000054c4        0xe c:/program files (x86)/atmel/studio/7.0/toolchain/avr8/avr8-gnu-toolchain/bin/../lib/gcc/avr/5.4.0/../../../../avr/lib/avrxmega2\libm.a(fp_norm2.o)
                0x000054c4                __fp_norm2
 .text.libgcc.div
                0x000054d2       0x28 c:/program files (x86)/atmel/studio/7.0/toolchain/avr8/avr8-gnu-toolchain/bin/../lib/gcc/avr/5.4.0/avrxmega2\libgcc.a(_udivmodhi4.o)
                0x000054d2                __udivmodhi4
 .text.libgcc.div
                0x000054fa       0x44 c:/program files (x86)/atmel/studio/7.0/toolchain/avr8/avr8-gnu-toolchain/bin/../lib/gcc/avr/5.4.0/avrxmega2\libgcc.a(_udivmodsi4.o)
                0x000054fa                __udivmodsi4
 .text.avr-libc
                0x0000553e       0x94 c:/program files (x86)/atmel/studio/7.0/toolchain/avr8/avr8-gnu-toolchain/bin/../lib/gcc/avr/5.4.0/../../../../avr/lib/avrxmega2\libc.a(fdevopen.o)
                0x0000553e                fdevopen
 .text.avr-libc
                0x000055d2       0x26 c:/program files (x86)/atmel/studio/7.0/toolchain/avr8/avr8-gnu-toolchain/bin/../lib/gcc/avr/5.4.0/../../../../avr/lib/avrxmega2\libc.a(printf.o)
                0x000055d2                printf
 .text.avr-libc
                0x000055f8        0xa c:/program files (x86)/atmel/studio/7.0/toolchain/avr8/avr8-gnu-toolchain/bin/../lib/gcc/avr/5.4.0/../../../../avr/lib/avrxmega2\libc.a(putchar.o)
                0x000055f8                putchar
 .text.avr-libc
                0x00005602       0x60 c:/program files (x86)/atmel/studio/7.0/toolchain/avr8/avr8-gnu-toolchain/bin/../lib/gcc/avr/5.4.0/../../../../avr/lib/avrxmega2\libc.a(puts.o)
                0x00005602                puts
 .text.avr-libc
                0x00005662      0x3a4 c:/program files (x86)/atmel/studio/7.0/toolchain/avr8/avr8-gnu-toolchain/bin/../lib/gcc/avr/5.4.0/../../../../avr/lib/avrxmega2\libc.a(vfprintf_std.o)
                0x00005662                vfprintf
 .text.avr-libc
                0x00005a06       0x34 c:/program files (x86)/atmel/studio/7.0/toolchain/avr8/avr8-gnu-toolchain/bin/../lib/gcc/avr/5.4.0/../../../../avr/lib/avrxmega2\libc.a(calloc.o)
                0x00005a06                calloc
 .text.avr-libc
                0x00005a3a      0x242 c:/program files (x86)/atmel/studio/7.0/toolchain/avr8/avr8-gnu-toolchain/bin/../lib/gcc/avr/5.4.0/../../../../avr/lib/avrxmega2\libc.a(malloc.o)
                0x00005a3a                malloc
                0x00005b6a                free
 .text.avr-libc
                0x00005c7c       0x16 c:/program files (x86)/atmel/studio/7.0/toolchain/avr8/avr8-gnu-toolchain/bin/../lib/gcc/avr/5.4.0/../../../../avr/lib/avrxmega2\libc.a(strnlen_P.o)
                0x00005c7c                strnlen_P
 .text.avr-libc
                0x00005c92        0xe c:/program files (x86)/atmel/studio/7.0/toolchain/avr8/avr8-gnu-toolchain/bin/../lib/gcc/avr/5.4.0/../../../../avr/lib/avrxmega2\libc.a(memset.o)
                0x00005c92                memset
 .text.avr-libc
                0x00005ca0       0x16 c:/program files (x86)/atmel/studio/7.0/toolchain/avr8/avr8-gnu-toolchain/bin/../lib/gcc/avr/5.4.0/../../../../avr/lib/avrxmega2\libc.a(strnlen.o)
                0x00005ca0                strnlen
 .text.avr-libc
                0x00005cb6       0x78 c:/program files (x86)/atmel/studio/7.0/toolchain/avr8/avr8-gnu-toolchain/bin/../lib/gcc/avr/5.4.0/../../../../avr/lib/avrxmega2\libc.a(fputc.o)
                0x00005cb6                fputc
 .text.avr-libc
                0x00005d2e       0xbc c:/program files (x86)/atmel/studio/7.0/toolchain/avr8/avr8-gnu-toolchain/bin/../lib/gcc/avr/5.4.0/../../../../avr/lib/avrxmega2\libc.a(ultoa_invert.o)
                0x00005d2e                __ultoa_invert
 .text.libgcc.prologue
                0x00005dea       0x32 c:/program files (x86)/atmel/studio/7.0/toolchain/avr8/avr8-gnu-toolchain/bin/../lib/gcc/avr/5.4.0/avrxmega2\libgcc.a(_prologue.o)
                0x00005dea                __prologue_saves__
 .text.libgcc.prologue
                0x00005e1c       0x30 c:/program files (x86)/atmel/studio/7.0/toolchain/avr8/avr8-gnu-toolchain/bin/../lib/gcc/avr/5.4.0/avrxmega2\libgcc.a(_epilogue.o)
                0x00005e1c                __epilogue_restores__
                0x00005e4c                . = ALIGN (0x2)
 *(.fini9)
 .fini9         0x00005e4c        0x0 c:/program files (x86)/atmel/studio/7.0/toolchain/avr8/avr8-gnu-toolchain/bin/../lib/gcc/avr/5.4.0/avrxmega2\libgcc.a(_exit.o)
                0x00005e4c                _exit
                0x00005e4c                exit
 *(.fini9)
 *(.fini8)
 *(.fini8)
 *(.fini7)
 *(.fini7)
 *(.fini6)
 *(.fini6)
 *(.fini5)
 *(.fini5)
 *(.fini4)
 *(.fini4)
 *(.fini3)
 *(.fini3)
 *(.fini2)
 *(.fini2)
 *(.fini1)
 *(.fini1)
 *(.fini0)
 .fini0         0x00005e4c        0x4 c:/program files (x86)/atmel/studio/7.0/toolchain/avr8/avr8-gnu-toolchain/bin/../lib/gcc/avr/5.4.0/avrxmega2\libgcc.a(_exit.o)
 *(.fini0)
                0x00005e50                _etext = .

.data           0x00802000      0x10c load address 0x00005e50
                0x00802000                PROVIDE (__data_start, .)
 *(.data)
 .data          0x00802000        0x6 c:/program files (x86)/atmel/studio/7.0/toolchain/avr8/avr8-gnu-toolchain/bin/../lib/gcc/avr/5.4.0/../../../../avr/lib/avrxmega2\libc.a(malloc.o)
                0x00802000                __malloc_heap_end
                0x00802002                __malloc_heap_start
                0x00802004                __malloc_margin
 *(.data*)
 .data.GYR_X_OFF
                0x00802006        0x2 src/Drivers/imu.o
                0x00802006                GYR_X_OFF
 .data.ACC_Z_OFF
                0x00802008        0x2 src/Drivers/imu.o
                0x00802008                ACC_Z_OFF
 .data.ACC_Y_OFF
                0x0080200a        0x2 src/Drivers/imu.o
                0x0080200a                ACC_Y_OFF
 .data.ACC_X_OFF
                0x0080200c        0x2 src/Drivers/imu.o
                0x0080200c                ACC_X_OFF
 .data.MAG_Z_OFF
                0x0080200e        0x2 src/Drivers/imu.o
                0x0080200e                MAG_Z_OFF
 .data.MAG_Y_OFF
                0x00802010        0x2 src/Drivers/imu.o
                0x00802010                MAG_Y_OFF
 .data.MAG_X_OFF
                0x00802012        0x2 src/Drivers/imu.o
                0x00802012                MAG_X_OFF
 .data.q0       0x00802014        0x4 src/Drivers/MahonyAHRS.o
                0x00802014                q0
 .data.twoKp    0x00802018        0x4 src/Drivers/MahonyAHRS.o
                0x00802018                twoKp
 .data.readmpu9250
                0x0080201c        0xb src/Drivers/mpu9250.o
 .data.ACC_SENSITIVITY
                0x00802027        0x4 src/Drivers/mpu9250.o
 .data.GYRO_SENSITIVITY
                0x0080202b        0x4 src/Drivers/mpu9250.o
 .data.usart_config.6304
                0x0080202f        0x7 src/Drivers/uart.o
 .data.usart_config.6301
                0x00802036        0x7 src/Drivers/uart.o
 *(.gnu.linkonce.d*)
 *(.rodata)
 *(.rodata*)
 .rodata.str1.1
                0x0080203d       0xce src/main.o
 *(.gnu.linkonce.r*)
                0x0080210c                . = ALIGN (0x2)
 *fill*         0x0080210b        0x1 
                0x0080210c                _edata = .
                0x0080210c                PROVIDE (__data_end, .)

.bss            0x0080210c      0x404
                0x0080210c                PROVIDE (__bss_start, .)
 *(.bss)
 *(.bss*)
 .bss.tc_tce0_ccd_callback
                0x0080210c        0x2 src/ASF/xmega/drivers/tc/tc.o
 .bss.tc_tce0_ccc_callback
                0x0080210e        0x2 src/ASF/xmega/drivers/tc/tc.o
 .bss.tc_tce0_ccb_callback
                0x00802110        0x2 src/ASF/xmega/drivers/tc/tc.o
 .bss.tc_tce0_cca_callback
                0x00802112        0x2 src/ASF/xmega/drivers/tc/tc.o
 .bss.tc_tce0_err_callback
                0x00802114        0x2 src/ASF/xmega/drivers/tc/tc.o
 .bss.tc_tce0_ovf_callback
                0x00802116        0x2 src/ASF/xmega/drivers/tc/tc.o
 .bss.tc_tcd1_ccb_callback
                0x00802118        0x2 src/ASF/xmega/drivers/tc/tc.o
 .bss.tc_tcd1_cca_callback
                0x0080211a        0x2 src/ASF/xmega/drivers/tc/tc.o
 .bss.tc_tcd1_err_callback
                0x0080211c        0x2 src/ASF/xmega/drivers/tc/tc.o
 .bss.tc_tcd1_ovf_callback
                0x0080211e        0x2 src/ASF/xmega/drivers/tc/tc.o
 .bss.tc_tcd0_ccd_callback
                0x00802120        0x2 src/ASF/xmega/drivers/tc/tc.o
 .bss.tc_tcd0_ccc_callback
                0x00802122        0x2 src/ASF/xmega/drivers/tc/tc.o
 .bss.tc_tcd0_ccb_callback
                0x00802124        0x2 src/ASF/xmega/drivers/tc/tc.o
 .bss.tc_tcd0_cca_callback
                0x00802126        0x2 src/ASF/xmega/drivers/tc/tc.o
 .bss.tc_tcd0_err_callback
                0x00802128        0x2 src/ASF/xmega/drivers/tc/tc.o
 .bss.tc_tcd0_ovf_callback
                0x0080212a        0x2 src/ASF/xmega/drivers/tc/tc.o
 .bss.tc_tcc1_ccb_callback
                0x0080212c        0x2 src/ASF/xmega/drivers/tc/tc.o
 .bss.tc_tcc1_cca_callback
                0x0080212e        0x2 src/ASF/xmega/drivers/tc/tc.o
 .bss.tc_tcc1_err_callback
                0x00802130        0x2 src/ASF/xmega/drivers/tc/tc.o
 .bss.tc_tcc1_ovf_callback
                0x00802132        0x2 src/ASF/xmega/drivers/tc/tc.o
 .bss.tc_tcc0_ccd_callback
                0x00802134        0x2 src/ASF/xmega/drivers/tc/tc.o
 .bss.tc_tcc0_ccc_callback
                0x00802136        0x2 src/ASF/xmega/drivers/tc/tc.o
 .bss.tc_tcc0_ccb_callback
                0x00802138        0x2 src/ASF/xmega/drivers/tc/tc.o
 .bss.tc_tcc0_cca_callback
                0x0080213a        0x2 src/ASF/xmega/drivers/tc/tc.o
 .bss.tc_tcc0_err_callback
                0x0080213c        0x2 src/ASF/xmega/drivers/tc/tc.o
 .bss.tc_tcc0_ovf_callback
                0x0080213e        0x2 src/ASF/xmega/drivers/tc/tc.o
 .bss.transfer  0x00802140        0xb src/ASF/xmega/drivers/twi/twim.o
 .bss.GYR_Z_OFF
                0x0080214b        0x2 src/Drivers/imu.o
                0x0080214b                GYR_Z_OFF
 .bss.GYR_Y_OFF
                0x0080214d        0x2 src/Drivers/imu.o
                0x0080214d                GYR_Y_OFF
 .bss.integralFBz
                0x0080214f        0x4 src/Drivers/MahonyAHRS.o
                0x0080214f                integralFBz
 .bss.integralFBy
                0x00802153        0x4 src/Drivers/MahonyAHRS.o
                0x00802153                integralFBy
 .bss.integralFBx
                0x00802157        0x4 src/Drivers/MahonyAHRS.o
                0x00802157                integralFBx
 .bss.q3        0x0080215b        0x4 src/Drivers/MahonyAHRS.o
                0x0080215b                q3
 .bss.q2        0x0080215f        0x4 src/Drivers/MahonyAHRS.o
                0x0080215f                q2
 .bss.q1        0x00802163        0x4 src/Drivers/MahonyAHRS.o
                0x00802163                q1
 .bss.twoKi     0x00802167        0x4 src/Drivers/MahonyAHRS.o
                0x00802167                twoKi
 .bss.ASAZ      0x0080216b        0x4 src/Drivers/mpu9250.o
 .bss.ASAY      0x0080216f        0x4 src/Drivers/mpu9250.o
 .bss.ASAX      0x00802173        0x4 src/Drivers/mpu9250.o
 .bss.time      0x00802177        0x4 src/Drivers/mpu9250.o
 .bss.timerflag
                0x0080217b        0x1 src/Drivers/mpu9250.o
 .bss.data_rdy_flag
                0x0080217c        0x1 src/Drivers/mpu9250.o
 .bss.mpu9250_twi_data
                0x0080217d      0x100 src/Drivers/mpu9250.o
 *(COMMON)
 COMMON         0x0080227d        0x2 src/ASF/common/utils/stdio/read.o
                0x0080227d                ptr_get
 COMMON         0x0080227f        0x4 src/ASF/common/utils/stdio/write.o
                0x0080227f                ptr_put
                0x00802281                stdio_base
 COMMON         0x00802283        0x2 src/ASF/xmega/drivers/adc/adc.o
                0x00802283                adca_callback
 COMMON         0x00802285       0x15 src/Drivers/imu.o
                0x00802285                data
 COMMON         0x0080229a      0x26c src/main.o
                0x0080229a                adcValues
                0x008022a2                FixQuality
                0x008022a3                Speed
                0x008022a8                j
                0x008022aa                GPSTime
                0x008022b0                GPSDate
                0x008022b6                alt
                0x008022b8                Altitude
                0x008022bf                Long
                0x008022c9                i
                0x008022cb                static_sensor
                0x008022ec                gps_ring
                0x008023f2                EW
                0x008023f3                USARTBuffer
                0x00802443                GPGGA
                0x00802493                NMEAPacket
                0x008024e3                Lat
                0x008024ec                NS
                0x008024ed                gpsPacketString
                0x00802501                Heading
 COMMON         0x00802506        0x6 c:/program files (x86)/atmel/studio/7.0/toolchain/avr8/avr8-gnu-toolchain/bin/../lib/gcc/avr/5.4.0/../../../../avr/lib/avrxmega2\libc.a(iob.o)
                0x00802506                __iob
 COMMON         0x0080250c        0x4 c:/program files (x86)/atmel/studio/7.0/toolchain/avr8/avr8-gnu-toolchain/bin/../lib/gcc/avr/5.4.0/../../../../avr/lib/avrxmega2\libc.a(malloc.o)
                0x0080250c                __brkval
                0x0080250e                __flp
                0x00802510                PROVIDE (__bss_end, .)
                0x00005e50                __data_load_start = LOADADDR (.data)
                0x00005f5c                __data_load_end = (__data_load_start + SIZEOF (.data))

.noinit         0x00802510        0x0
                [!provide]                PROVIDE (__noinit_start, .)
 *(.noinit*)
                [!provide]                PROVIDE (__noinit_end, .)
                0x00802510                _end = .
                0x00802510                PROVIDE (__heap_start, .)

.eeprom         0x00810000        0x0
 *(.eeprom*)
                0x00810000                __eeprom_end = .

.fuse
 *(.fuse)
 *(.lfuse)
 *(.hfuse)
 *(.efuse)

.lock
 *(.lock*)

.signature
 *(.signature*)

.user_signatures
 *(.user_signatures*)

.stab
 *(.stab)

.stabstr
 *(.stabstr)

.stab.excl
 *(.stab.excl)

.stab.exclstr
 *(.stab.exclstr)

.stab.index
 *(.stab.index)

.stab.indexstr
 *(.stab.indexstr)

.comment        0x00000000       0x5c
 *(.comment)
 .comment       0x00000000       0x30 src/ASF/common/boards/user_board/init.o
                                 0x31 (size before relaxing)
 .comment       0x00000030       0x31 src/ASF/common/services/clock/xmega/sysclk.o
 .comment       0x00000030       0x31 src/ASF/common/services/ioport/xmega/ioport_compat.o
 .comment       0x00000030       0x31 src/ASF/common/utils/stdio/read.o
 .comment       0x00000030       0x31 src/ASF/common/utils/stdio/write.o
 .comment       0x00000030       0x31 src/ASF/xmega/drivers/adc/adc.o
 .comment       0x00000030       0x31 src/ASF/xmega/drivers/adc/xmega_aau/adc_aau.o
 .comment       0x00000030       0x31 src/ASF/xmega/drivers/tc/tc.o
 .comment       0x00000030       0x31 src/ASF/xmega/drivers/twi/twim.o
 .comment       0x00000030       0x31 src/ASF/xmega/drivers/usart/usart.o
 .comment       0x00000030       0x31 src/Drivers/adc.o
 .comment       0x00000030       0x31 src/Drivers/imu.o
 .comment       0x00000030       0x31 src/Drivers/MahonyAHRS.o
 .comment       0x00000030       0x31 src/Drivers/mpu9250.o
 .comment       0x00000030       0x31 src/Drivers/MS5607.o
 .comment       0x00000030       0x31 src/Drivers/SPI.o
 .comment       0x00000030       0x31 src/Drivers/uart.o
 .comment       0x00000030       0x31 src/main.o
 .comment       0x00000030       0x31 c:/program files (x86)/atmel/studio/7.0/toolchain/avr8/avr8-gnu-toolchain/bin/../lib/gcc/avr/5.4.0/../../../../avr/lib/avrxmega2\libc.a(fdevopen.o)
 .comment       0x00000030       0x31 c:/program files (x86)/atmel/studio/7.0/toolchain/avr8/avr8-gnu-toolchain/bin/../lib/gcc/avr/5.4.0/../../../../avr/lib/avrxmega2\libc.a(iob.o)
 .comment       0x00000030       0x31 c:/program files (x86)/atmel/studio/7.0/toolchain/avr8/avr8-gnu-toolchain/bin/../lib/gcc/avr/5.4.0/../../../../avr/lib/avrxmega2\libc.a(printf.o)
 .comment       0x00000030       0x31 c:/program files (x86)/atmel/studio/7.0/toolchain/avr8/avr8-gnu-toolchain/bin/../lib/gcc/avr/5.4.0/../../../../avr/lib/avrxmega2\libc.a(putchar.o)
 .comment       0x00000030       0x31 c:/program files (x86)/atmel/studio/7.0/toolchain/avr8/avr8-gnu-toolchain/bin/../lib/gcc/avr/5.4.0/../../../../avr/lib/avrxmega2\libc.a(puts.o)
 .comment       0x00000030       0x2c c:/program files (x86)/atmel/studio/7.0/toolchain/avr8/avr8-gnu-toolchain/bin/../lib/gcc/avr/5.4.0/../../../../avr/lib/avrxmega2\libc.a(vfprintf_std.o)
                                 0x2d (size before relaxing)
 .comment       0x0000005c       0x31 c:/program files (x86)/atmel/studio/7.0/toolchain/avr8/avr8-gnu-toolchain/bin/../lib/gcc/avr/5.4.0/../../../../avr/lib/avrxmega2\libc.a(calloc.o)
 .comment       0x0000005c       0x31 c:/program files (x86)/atmel/studio/7.0/toolchain/avr8/avr8-gnu-toolchain/bin/../lib/gcc/avr/5.4.0/../../../../avr/lib/avrxmega2\libc.a(malloc.o)
 .comment       0x0000005c       0x31 c:/program files (x86)/atmel/studio/7.0/toolchain/avr8/avr8-gnu-toolchain/bin/../lib/gcc/avr/5.4.0/../../../../avr/lib/avrxmega2\libc.a(fputc.o)

.note.gnu.avr.deviceinfo
                0x00000000       0x40
 .note.gnu.avr.deviceinfo
                0x00000000       0x40 C:/Program Files (x86)/Atmel/Studio/7.0/Packs/atmel/XMEGAA_DFP/1.1.68/gcc/dev/atxmega32a4u/avrxmega2/crtatxmega32a4u.o

.note.gnu.build-id
 *(.note.gnu.build-id)

.debug
 *(.debug)

.line
 *(.line)

.debug_srcinfo
 *(.debug_srcinfo)

.debug_sfnames
 *(.debug_sfnames)

.debug_aranges  0x00000000      0x5c0
 *(.debug_aranges)
 .debug_aranges
                0x00000000       0x20 src/ASF/common/boards/user_board/init.o
 .debug_aranges
                0x00000020       0x40 src/ASF/common/services/clock/xmega/sysclk.o
 .debug_aranges
                0x00000060       0x20 src/ASF/common/services/ioport/xmega/ioport_compat.o
 .debug_aranges
                0x00000080       0x20 src/ASF/common/utils/stdio/read.o
 .debug_aranges
                0x000000a0       0x20 src/ASF/common/utils/stdio/write.o
 .debug_aranges
                0x000000c0       0x48 src/ASF/xmega/drivers/adc/adc.o
 .debug_aranges
                0x00000108       0x58 src/ASF/xmega/drivers/adc/xmega_aau/adc_aau.o
 .debug_aranges
                0x00000160       0x28 src/ASF/xmega/drivers/nvm/nvm_asm.o
 .debug_aranges
                0x00000188      0x128 src/ASF/xmega/drivers/tc/tc.o
 .debug_aranges
                0x000002b0       0x40 src/ASF/xmega/drivers/twi/twim.o
 .debug_aranges
                0x000002f0       0x58 src/ASF/xmega/drivers/usart/usart.o
 .debug_aranges
                0x00000348       0x30 src/Drivers/adc.o
 .debug_aranges
                0x00000378       0x50 src/Drivers/imu.o
 .debug_aranges
                0x000003c8       0x30 src/Drivers/MahonyAHRS.o
 .debug_aranges
                0x000003f8       0xa8 src/Drivers/mpu9250.o
 .debug_aranges
                0x000004a0       0x58 src/Drivers/MS5607.o
 .debug_aranges
                0x000004f8       0x48 src/Drivers/SPI.o
 .debug_aranges
                0x00000540       0x38 src/Drivers/uart.o
 .debug_aranges
                0x00000578       0x48 src/main.o

.debug_pubnames
 *(.debug_pubnames)

.debug_info     0x00000000    0x15025
 *(.debug_info .gnu.linkonce.wi.*)
 .debug_info    0x00000000     0x284f C:/Program Files (x86)/Atmel/Studio/7.0/Packs/atmel/XMEGAA_DFP/1.1.68/gcc/dev/atxmega32a4u/avrxmega2/crtatxmega32a4u.o
 .debug_info    0x0000284f      0x1d3 src/ASF/common/boards/user_board/init.o
 .debug_info    0x00002a22      0x711 src/ASF/common/services/clock/xmega/sysclk.o
 .debug_info    0x00003133      0x121 src/ASF/common/services/ioport/xmega/ioport_compat.o
 .debug_info    0x00003254      0x119 src/ASF/common/utils/stdio/read.o
 .debug_info    0x0000336d      0x119 src/ASF/common/utils/stdio/write.o
 .debug_info    0x00003486      0xa3a src/ASF/xmega/drivers/adc/adc.o
 .debug_info    0x00003ec0      0xd2a src/ASF/xmega/drivers/adc/xmega_aau/adc_aau.o
 .debug_info    0x00004bea       0x6f src/ASF/xmega/drivers/nvm/nvm_asm.o
 .debug_info    0x00004c59     0x16da src/ASF/xmega/drivers/tc/tc.o
 .debug_info    0x00006333      0x90a src/ASF/xmega/drivers/twi/twim.o
 .debug_info    0x00006c3d     0x2d63 src/ASF/xmega/drivers/usart/usart.o
 .debug_info    0x000099a0      0x833 src/Drivers/adc.o
 .debug_info    0x0000a1d3      0xac0 src/Drivers/imu.o
 .debug_info    0x0000ac93      0x503 src/Drivers/MahonyAHRS.o
 .debug_info    0x0000b196     0x1ea9 src/Drivers/mpu9250.o
 .debug_info    0x0000d03f      0xb8d src/Drivers/MS5607.o
 .debug_info    0x0000dbcc     0x24bf src/Drivers/SPI.o
 .debug_info    0x0001008b     0x2279 src/Drivers/uart.o
 .debug_info    0x00012304     0x2d21 src/main.o

.debug_abbrev   0x00000000     0x5151
 *(.debug_abbrev)
 .debug_abbrev  0x00000000     0x262c C:/Program Files (x86)/Atmel/Studio/7.0/Packs/atmel/XMEGAA_DFP/1.1.68/gcc/dev/atxmega32a4u/avrxmega2/crtatxmega32a4u.o
 .debug_abbrev  0x0000262c       0xdc src/ASF/common/boards/user_board/init.o
 .debug_abbrev  0x00002708      0x218 src/ASF/common/services/clock/xmega/sysclk.o
 .debug_abbrev  0x00002920       0x95 src/ASF/common/services/ioport/xmega/ioport_compat.o
 .debug_abbrev  0x000029b5       0xc5 src/ASF/common/utils/stdio/read.o
 .debug_abbrev  0x00002a7a       0xa7 src/ASF/common/utils/stdio/write.o
 .debug_abbrev  0x00002b21      0x2a7 src/ASF/xmega/drivers/adc/adc.o
 .debug_abbrev  0x00002dc8      0x320 src/ASF/xmega/drivers/adc/xmega_aau/adc_aau.o
 .debug_abbrev  0x000030e8       0x12 src/ASF/xmega/drivers/nvm/nvm_asm.o
 .debug_abbrev  0x000030fa      0x29b src/ASF/xmega/drivers/tc/tc.o
 .debug_abbrev  0x00003395      0x2e9 src/ASF/xmega/drivers/twi/twim.o
 .debug_abbrev  0x0000367e      0x3f5 src/ASF/xmega/drivers/usart/usart.o
 .debug_abbrev  0x00003a73      0x293 src/Drivers/adc.o
 .debug_abbrev  0x00003d06      0x31b src/Drivers/imu.o
 .debug_abbrev  0x00004021       0xe6 src/Drivers/MahonyAHRS.o
 .debug_abbrev  0x00004107      0x3b7 src/Drivers/mpu9250.o
 .debug_abbrev  0x000044be      0x270 src/Drivers/MS5607.o
 .debug_abbrev  0x0000472e      0x328 src/Drivers/SPI.o
 .debug_abbrev  0x00004a56      0x30b src/Drivers/uart.o
 .debug_abbrev  0x00004d61      0x3f0 src/main.o

.debug_line     0x00000000     0xb08c
 *(.debug_line .debug_line.* .debug_line_end)
 .debug_line    0x00000000      0x391 C:/Program Files (x86)/Atmel/Studio/7.0/Packs/atmel/XMEGAA_DFP/1.1.68/gcc/dev/atxmega32a4u/avrxmega2/crtatxmega32a4u.o
 .debug_line    0x00000391      0xa26 src/ASF/common/boards/user_board/init.o
 .debug_line    0x00000db7      0x62d src/ASF/common/services/clock/xmega/sysclk.o
 .debug_line    0x000013e4      0x4b2 src/ASF/common/services/ioport/xmega/ioport_compat.o
 .debug_line    0x00001896      0x3d2 src/ASF/common/utils/stdio/read.o
 .debug_line    0x00001c68      0x3d9 src/ASF/common/utils/stdio/write.o
 .debug_line    0x00002041      0x786 src/ASF/xmega/drivers/adc/adc.o
 .debug_line    0x000027c7      0x8d1 src/ASF/xmega/drivers/adc/xmega_aau/adc_aau.o
 .debug_line    0x00003098      0x11f src/ASF/xmega/drivers/nvm/nvm_asm.o
 .debug_line    0x000031b7      0xcb1 src/ASF/xmega/drivers/tc/tc.o
 .debug_line    0x00003e68      0x624 src/ASF/xmega/drivers/twi/twim.o
 .debug_line    0x0000448c      0xc0b src/ASF/xmega/drivers/usart/usart.o
 .debug_line    0x00005097      0xb06 src/Drivers/adc.o
 .debug_line    0x00005b9d      0xc34 src/Drivers/imu.o
 .debug_line    0x000067d1      0x393 src/Drivers/MahonyAHRS.o
 .debug_line    0x00006b64     0x11f4 src/Drivers/mpu9250.o
 .debug_line    0x00007d58      0xcf4 src/Drivers/MS5607.o
 .debug_line    0x00008a4c      0xc94 src/Drivers/SPI.o
 .debug_line    0x000096e0      0xb4a src/Drivers/uart.o
 .debug_line    0x0000a22a      0xe62 src/main.o

.debug_frame    0x00000000     0x1a50
 *(.debug_frame)
 .debug_frame   0x00000000       0x24 src/ASF/common/boards/user_board/init.o
 .debug_frame   0x00000024       0x94 src/ASF/common/services/clock/xmega/sysclk.o
 .debug_frame   0x000000b8       0x30 src/ASF/common/services/ioport/xmega/ioport_compat.o
 .debug_frame   0x000000e8       0x34 src/ASF/common/utils/stdio/read.o
 .debug_frame   0x0000011c       0x24 src/ASF/common/utils/stdio/write.o
 .debug_frame   0x00000140       0xbc src/ASF/xmega/drivers/adc/adc.o
 .debug_frame   0x000001fc      0x284 src/ASF/xmega/drivers/adc/xmega_aau/adc_aau.o
 .debug_frame   0x00000480      0x9b4 src/ASF/xmega/drivers/tc/tc.o
 .debug_frame   0x00000e34      0x110 src/ASF/xmega/drivers/twi/twim.o
 .debug_frame   0x00000f44      0x14c src/ASF/xmega/drivers/usart/usart.o
 .debug_frame   0x00001090       0x60 src/Drivers/adc.o
 .debug_frame   0x000010f0      0x144 src/Drivers/imu.o
 .debug_frame   0x00001234      0x11c src/Drivers/MahonyAHRS.o
 .debug_frame   0x00001350      0x350 src/Drivers/mpu9250.o
 .debug_frame   0x000016a0      0x1a4 src/Drivers/MS5607.o
 .debug_frame   0x00001844       0xb4 src/Drivers/SPI.o
 .debug_frame   0x000018f8       0x8c src/Drivers/uart.o
 .debug_frame   0x00001984       0xcc src/main.o

.debug_str      0x00000000    0x2ed6a
 *(.debug_str)
 .debug_str     0x00000000     0x1aa8 C:/Program Files (x86)/Atmel/Studio/7.0/Packs/atmel/XMEGAA_DFP/1.1.68/gcc/dev/atxmega32a4u/avrxmega2/crtatxmega32a4u.o
 .debug_str     0x00001aa8    0x29033 src/ASF/common/boards/user_board/init.o
                              0x29717 (size before relaxing)
 .debug_str     0x0002aadb      0x34c src/ASF/common/services/clock/xmega/sysclk.o
                              0x27d27 (size before relaxing)
 .debug_str     0x0002ae27       0xab src/ASF/common/services/ioport/xmega/ioport_compat.o
                              0x26c14 (size before relaxing)
 .debug_str     0x0002aed2       0x25 src/ASF/common/utils/stdio/read.o
                              0x265c7 (size before relaxing)
 .debug_str     0x0002aef7       0x26 src/ASF/common/utils/stdio/write.o
                              0x265c9 (size before relaxing)
 .debug_str     0x0002af1d      0x480 src/ASF/xmega/drivers/adc/adc.o
                              0x2871a (size before relaxing)
 .debug_str     0x0002b39d      0x592 src/ASF/xmega/drivers/adc/xmega_aau/adc_aau.o
                              0x2898f (size before relaxing)
 .debug_str     0x0002b92f      0x79e src/ASF/xmega/drivers/tc/tc.o
                              0x285b1 (size before relaxing)
 .debug_str     0x0002c0cd      0x47a src/ASF/xmega/drivers/twi/twim.o
                              0x26c4c (size before relaxing)
 .debug_str     0x0002c547      0x8af src/ASF/xmega/drivers/usart/usart.o
                              0x29073 (size before relaxing)
 .debug_str     0x0002cdf6       0x3b src/Drivers/adc.o
                              0x29d4f (size before relaxing)
 .debug_str     0x0002ce31     0x1333 src/Drivers/imu.o
                              0x2ada7 (size before relaxing)
 .debug_str     0x0002e164      0x12c src/Drivers/MahonyAHRS.o
                               0x304b (size before relaxing)
 .debug_str     0x0002e290      0x300 src/Drivers/mpu9250.o
                              0x2ad49 (size before relaxing)
 .debug_str     0x0002e590      0x1af src/Drivers/MS5607.o
                              0x29f80 (size before relaxing)
 .debug_str     0x0002e73f       0x45 src/Drivers/SPI.o
                              0x2a30d (size before relaxing)
 .debug_str     0x0002e784      0x25d src/Drivers/uart.o
                              0x2a4a2 (size before relaxing)
 .debug_str     0x0002e9e1      0x389 src/main.o
                              0x2bbb5 (size before relaxing)

.debug_loc      0x00000000     0x7cc6
 *(.debug_loc)
 .debug_loc     0x00000000      0x2c5 src/ASF/common/services/clock/xmega/sysclk.o
 .debug_loc     0x000002c5       0x66 src/ASF/common/services/ioport/xmega/ioport_compat.o
 .debug_loc     0x0000032b       0x6e src/ASF/common/utils/stdio/read.o
 .debug_loc     0x00000399       0x52 src/ASF/common/utils/stdio/write.o
 .debug_loc     0x000003eb      0x25b src/ASF/xmega/drivers/adc/adc.o
 .debug_loc     0x00000646      0x993 src/ASF/xmega/drivers/adc/xmega_aau/adc_aau.o
 .debug_loc     0x00000fd9     0x1608 src/ASF/xmega/drivers/tc/tc.o
 .debug_loc     0x000025e1      0x4b4 src/ASF/xmega/drivers/twi/twim.o
 .debug_loc     0x00002a95      0xdfa src/ASF/xmega/drivers/usart/usart.o
 .debug_loc     0x0000388f      0x118 src/Drivers/adc.o
 .debug_loc     0x000039a7      0x3a7 src/Drivers/imu.o
 .debug_loc     0x00003d4e      0xdc5 src/Drivers/MahonyAHRS.o
 .debug_loc     0x00004b13     0x1934 src/Drivers/mpu9250.o
 .debug_loc     0x00006447      0xbae src/Drivers/MS5607.o
 .debug_loc     0x00006ff5      0x406 src/Drivers/SPI.o
 .debug_loc     0x000073fb      0x1fe src/Drivers/uart.o
 .debug_loc     0x000075f9      0x6cd src/main.o

.debug_macinfo
 *(.debug_macinfo)

.debug_weaknames
 *(.debug_weaknames)

.debug_funcnames
 *(.debug_funcnames)

.debug_typenames
 *(.debug_typenames)

.debug_varnames
 *(.debug_varnames)

.debug_pubtypes
 *(.debug_pubtypes)

.debug_ranges   0x00000000      0x500
 *(.debug_ranges)
 .debug_ranges  0x00000000       0x10 src/ASF/common/boards/user_board/init.o
 .debug_ranges  0x00000010       0x30 src/ASF/common/services/clock/xmega/sysclk.o
 .debug_ranges  0x00000040       0x10 src/ASF/common/services/ioport/xmega/ioport_compat.o
 .debug_ranges  0x00000050       0x10 src/ASF/common/utils/stdio/read.o
 .debug_ranges  0x00000060       0x10 src/ASF/common/utils/stdio/write.o
 .debug_ranges  0x00000070       0x38 src/ASF/xmega/drivers/adc/adc.o
 .debug_ranges  0x000000a8       0x48 src/ASF/xmega/drivers/adc/xmega_aau/adc_aau.o
 .debug_ranges  0x000000f0       0x20 src/ASF/xmega/drivers/nvm/nvm_asm.o
 .debug_ranges  0x00000110      0x118 src/ASF/xmega/drivers/tc/tc.o
 .debug_ranges  0x00000228       0x60 src/ASF/xmega/drivers/twi/twim.o
 .debug_ranges  0x00000288       0x80 src/ASF/xmega/drivers/usart/usart.o
 .debug_ranges  0x00000308       0x20 src/Drivers/adc.o
 .debug_ranges  0x00000328       0x40 src/Drivers/imu.o
 .debug_ranges  0x00000368       0x20 src/Drivers/MahonyAHRS.o
 .debug_ranges  0x00000388       0x98 src/Drivers/mpu9250.o
 .debug_ranges  0x00000420       0x48 src/Drivers/MS5607.o
 .debug_ranges  0x00000468       0x38 src/Drivers/SPI.o
 .debug_ranges  0x000004a0       0x28 src/Drivers/uart.o
 .debug_ranges  0x000004c8       0x38 src/main.o

.debug_macro    0x00000000     0xc8d8
 *(.debug_macro)
 .debug_macro   0x00000000      0x3a3 src/ASF/common/boards/user_board/init.o
 .debug_macro   0x000003a3      0xa60 src/ASF/common/boards/user_board/init.o
 .debug_macro   0x00000e03       0x10 src/ASF/common/boards/user_board/init.o
 .debug_macro   0x00000e13      0x1c9 src/ASF/common/boards/user_board/init.o
 .debug_macro   0x00000fdc      0x2fc src/ASF/common/boards/user_board/init.o
 .debug_macro   0x000012d8       0x9e src/ASF/common/boards/user_board/init.o
 .debug_macro   0x00001376     0x58bc src/ASF/common/boards/user_board/init.o
 .debug_macro   0x00006c32       0x9a src/ASF/common/boards/user_board/init.o
 .debug_macro   0x00006ccc       0xf1 src/ASF/common/boards/user_board/init.o
 .debug_macro   0x00006dbd       0x34 src/ASF/common/boards/user_board/init.o
 .debug_macro   0x00006df1       0x16 src/ASF/common/boards/user_board/init.o
 .debug_macro   0x00006e07       0x18 src/ASF/common/boards/user_board/init.o
 .debug_macro   0x00006e1f       0x5e src/ASF/common/boards/user_board/init.o
 .debug_macro   0x00006e7d       0x10 src/ASF/common/boards/user_board/init.o
 .debug_macro   0x00006e8d       0x22 src/ASF/common/boards/user_board/init.o
 .debug_macro   0x00006eaf      0x16d src/ASF/common/boards/user_board/init.o
 .debug_macro   0x0000701c       0x1c src/ASF/common/boards/user_board/init.o
 .debug_macro   0x00007038       0x35 src/ASF/common/boards/user_board/init.o
 .debug_macro   0x0000706d       0x66 src/ASF/common/boards/user_board/init.o
 .debug_macro   0x000070d3      0x6d7 src/ASF/common/boards/user_board/init.o
 .debug_macro   0x000077aa       0x96 src/ASF/common/boards/user_board/init.o
 .debug_macro   0x00007840       0x17 src/ASF/common/boards/user_board/init.o
 .debug_macro   0x00007857      0x250 src/ASF/common/boards/user_board/init.o
 .debug_macro   0x00007aa7       0x76 src/ASF/common/boards/user_board/init.o
 .debug_macro   0x00007b1d       0x16 src/ASF/common/boards/user_board/init.o
 .debug_macro   0x00007b33      0x6d9 src/ASF/common/boards/user_board/init.o
 .debug_macro   0x0000820c       0x10 src/ASF/common/boards/user_board/init.o
 .debug_macro   0x0000821c      0x175 src/ASF/common/boards/user_board/init.o
 .debug_macro   0x00008391       0x40 src/ASF/common/boards/user_board/init.o
 .debug_macro   0x000083d1       0x69 src/ASF/common/boards/user_board/init.o
 .debug_macro   0x0000843a       0x31 src/ASF/common/boards/user_board/init.o
 .debug_macro   0x0000846b       0xe4 src/ASF/common/boards/user_board/init.o
 .debug_macro   0x0000854f       0x10 src/ASF/common/boards/user_board/init.o
 .debug_macro   0x0000855f       0x20 src/ASF/common/boards/user_board/init.o
 .debug_macro   0x0000857f       0x10 src/ASF/common/boards/user_board/init.o
 .debug_macro   0x0000858f       0x42 src/ASF/common/boards/user_board/init.o
 .debug_macro   0x000085d1       0x22 src/ASF/common/boards/user_board/init.o
 .debug_macro   0x000085f3      0x2c3 src/ASF/common/boards/user_board/init.o
 .debug_macro   0x000088b6       0x64 src/ASF/common/boards/user_board/init.o
 .debug_macro   0x0000891a       0x2f src/ASF/common/boards/user_board/init.o
 .debug_macro   0x00008949      0x154 src/ASF/common/boards/user_board/init.o
 .debug_macro   0x00008a9d       0xe3 src/ASF/common/boards/user_board/init.o
 .debug_macro   0x00008b80       0x34 src/ASF/common/boards/user_board/init.o
 .debug_macro   0x00008bb4       0x28 src/ASF/common/boards/user_board/init.o
 .debug_macro   0x00008bdc       0x22 src/ASF/common/boards/user_board/init.o
 .debug_macro   0x00008bfe       0x7c src/ASF/common/boards/user_board/init.o
 .debug_macro   0x00008c7a      0x102 src/ASF/common/boards/user_board/init.o
 .debug_macro   0x00008d7c       0x40 src/ASF/common/boards/user_board/init.o
 .debug_macro   0x00008dbc       0x2e src/ASF/common/boards/user_board/init.o
 .debug_macro   0x00008dea       0x58 src/ASF/common/boards/user_board/init.o
 .debug_macro   0x00008e42       0x10 src/ASF/common/boards/user_board/init.o
 .debug_macro   0x00008e52       0xf2 src/ASF/common/boards/user_board/init.o
 .debug_macro   0x00008f44       0x3a src/ASF/common/boards/user_board/init.o
 .debug_macro   0x00008f7e       0x18 src/ASF/common/boards/user_board/init.o
 .debug_macro   0x00008f96       0x16 src/ASF/common/boards/user_board/init.o
 .debug_macro   0x00008fac       0x22 src/ASF/common/boards/user_board/init.o
 .debug_macro   0x00008fce       0x10 src/ASF/common/boards/user_board/init.o
 .debug_macro   0x00008fde       0x28 src/ASF/common/boards/user_board/init.o
 .debug_macro   0x00009006      0x1e6 src/ASF/common/services/clock/xmega/sysclk.o
 .debug_macro   0x000091ec       0x26 src/ASF/common/services/clock/xmega/sysclk.o
 .debug_macro   0x00009212      0x193 src/ASF/common/services/ioport/xmega/ioport_compat.o
 .debug_macro   0x000093a5      0x16d src/ASF/common/utils/stdio/read.o
 .debug_macro   0x00009512      0x16d src/ASF/common/utils/stdio/write.o
 .debug_macro   0x0000967f      0x23a src/ASF/xmega/drivers/adc/adc.o
 .debug_macro   0x000098b9      0x23a src/ASF/xmega/drivers/adc/xmega_aau/adc_aau.o
 .debug_macro   0x00009af3      0x230 src/ASF/xmega/drivers/tc/tc.o
 .debug_macro   0x00009d23      0x302 src/ASF/xmega/drivers/tc/tc.o
 .debug_macro   0x0000a025       0x12 src/ASF/xmega/drivers/tc/tc.o
 .debug_macro   0x0000a037      0x198 src/ASF/xmega/drivers/twi/twim.o
 .debug_macro   0x0000a1cf      0x22c src/ASF/xmega/drivers/usart/usart.o
 .debug_macro   0x0000a3fb      0x3ad src/Drivers/adc.o
 .debug_macro   0x0000a7a8      0x3c7 src/Drivers/imu.o
 .debug_macro   0x0000ab6f      0x166 src/Drivers/imu.o
 .debug_macro   0x0000acd5       0x60 src/Drivers/imu.o
 .debug_macro   0x0000ad35      0x356 src/Drivers/imu.o
 .debug_macro   0x0000b08b       0x10 src/Drivers/imu.o
 .debug_macro   0x0000b09b       0x16 src/Drivers/imu.o
 .debug_macro   0x0000b0b1       0x35 src/Drivers/MahonyAHRS.o
 .debug_macro   0x0000b0e6      0x3b2 src/Drivers/mpu9250.o
 .debug_macro   0x0000b498      0x350 src/Drivers/mpu9250.o
 .debug_macro   0x0000b7e8      0x3c6 src/Drivers/MS5607.o
 .debug_macro   0x0000bbae      0x160 src/Drivers/MS5607.o
 .debug_macro   0x0000bd0e      0x3ad src/Drivers/SPI.o
 .debug_macro   0x0000c0bb      0x3ac src/Drivers/uart.o
 .debug_macro   0x0000c467       0x58 src/Drivers/uart.o
 .debug_macro   0x0000c4bf      0x419 src/main.o
OUTPUT(RDP.elf elf32-avr)
LOAD linker stubs
