Archive member included to satisfy reference by file (symbol)

c:/program files (x86)/atmel/studio/7.0/toolchain/avr8/avr8-gnu-toolchain/bin/../lib/gcc/avr/5.4.0/../../../../avr/lib/avrxmega2\libm.a(addsf3.o)
                              src/Drivers/imu.o (__subsf3)
c:/program files (x86)/atmel/studio/7.0/toolchain/avr8/avr8-gnu-toolchain/bin/../lib/gcc/avr/5.4.0/../../../../avr/lib/avrxmega2\libm.a(addsf3x.o)
                              c:/program files (x86)/atmel/studio/7.0/toolchain/avr8/avr8-gnu-toolchain/bin/../lib/gcc/avr/5.4.0/../../../../avr/lib/avrxmega2\libm.a(addsf3.o) (__addsf3x)
c:/program files (x86)/atmel/studio/7.0/toolchain/avr8/avr8-gnu-toolchain/bin/../lib/gcc/avr/5.4.0/../../../../avr/lib/avrxmega2\libm.a(asin.o)
                              src/Drivers/imu.o (asin)
c:/program files (x86)/atmel/studio/7.0/toolchain/avr8/avr8-gnu-toolchain/bin/../lib/gcc/avr/5.4.0/../../../../avr/lib/avrxmega2\libm.a(atan2.o)
                              src/Drivers/imu.o (atan2)
c:/program files (x86)/atmel/studio/7.0/toolchain/avr8/avr8-gnu-toolchain/bin/../lib/gcc/avr/5.4.0/../../../../avr/lib/avrxmega2\libm.a(atan.o)
                              c:/program files (x86)/atmel/studio/7.0/toolchain/avr8/avr8-gnu-toolchain/bin/../lib/gcc/avr/5.4.0/../../../../avr/lib/avrxmega2\libm.a(atan2.o) (atan)
c:/program files (x86)/atmel/studio/7.0/toolchain/avr8/avr8-gnu-toolchain/bin/../lib/gcc/avr/5.4.0/../../../../avr/lib/avrxmega2\libm.a(cmpsf2.o)
                              src/Drivers/MahonyAHRS.o (__eqsf2)
c:/program files (x86)/atmel/studio/7.0/toolchain/avr8/avr8-gnu-toolchain/bin/../lib/gcc/avr/5.4.0/../../../../avr/lib/avrxmega2\libm.a(divsf3.o)
                              src/Drivers/imu.o (__divsf3)
c:/program files (x86)/atmel/studio/7.0/toolchain/avr8/avr8-gnu-toolchain/bin/../lib/gcc/avr/5.4.0/../../../../avr/lib/avrxmega2\libm.a(divsf3x.o)
                              c:/program files (x86)/atmel/studio/7.0/toolchain/avr8/avr8-gnu-toolchain/bin/../lib/gcc/avr/5.4.0/../../../../avr/lib/avrxmega2\libm.a(divsf3.o) (__divsf3x)
c:/program files (x86)/atmel/studio/7.0/toolchain/avr8/avr8-gnu-toolchain/bin/../lib/gcc/avr/5.4.0/../../../../avr/lib/avrxmega2\libm.a(fixsfdi.o)
                              src/Drivers/MS5607.o (__fixsfdi)
c:/program files (x86)/atmel/studio/7.0/toolchain/avr8/avr8-gnu-toolchain/bin/../lib/gcc/avr/5.4.0/../../../../avr/lib/avrxmega2\libm.a(fixsfsi.o)
                              src/Drivers/mpu9250.o (__fixsfsi)
c:/program files (x86)/atmel/studio/7.0/toolchain/avr8/avr8-gnu-toolchain/bin/../lib/gcc/avr/5.4.0/../../../../avr/lib/avrxmega2\libm.a(fixunssfsi.o)
                              c:/program files (x86)/atmel/studio/7.0/toolchain/avr8/avr8-gnu-toolchain/bin/../lib/gcc/avr/5.4.0/../../../../avr/lib/avrxmega2\libm.a(fixsfsi.o) (__fixunssfsi)
c:/program files (x86)/atmel/studio/7.0/toolchain/avr8/avr8-gnu-toolchain/bin/../lib/gcc/avr/5.4.0/../../../../avr/lib/avrxmega2\libm.a(floatdisf.o)
                              src/Drivers/MS5607.o (__floatdisf)
c:/program files (x86)/atmel/studio/7.0/toolchain/avr8/avr8-gnu-toolchain/bin/../lib/gcc/avr/5.4.0/../../../../avr/lib/avrxmega2\libm.a(floatsisf.o)
                              src/Drivers/imu.o (__floatunsisf)
c:/program files (x86)/atmel/studio/7.0/toolchain/avr8/avr8-gnu-toolchain/bin/../lib/gcc/avr/5.4.0/../../../../avr/lib/avrxmega2\libm.a(floatundisf.o)
                              c:/program files (x86)/atmel/studio/7.0/toolchain/avr8/avr8-gnu-toolchain/bin/../lib/gcc/avr/5.4.0/../../../../avr/lib/avrxmega2\libm.a(floatdisf.o) (__fp_di2sf)
c:/program files (x86)/atmel/studio/7.0/toolchain/avr8/avr8-gnu-toolchain/bin/../lib/gcc/avr/5.4.0/../../../../avr/lib/avrxmega2\libm.a(fp_arccos.o)
                              c:/program files (x86)/atmel/studio/7.0/toolchain/avr8/avr8-gnu-toolchain/bin/../lib/gcc/avr/5.4.0/../../../../avr/lib/avrxmega2\libm.a(asin.o) (__fp_arccos)
c:/program files (x86)/atmel/studio/7.0/toolchain/avr8/avr8-gnu-toolchain/bin/../lib/gcc/avr/5.4.0/../../../../avr/lib/avrxmega2\libm.a(fp_cmp.o)
                              c:/program files (x86)/atmel/studio/7.0/toolchain/avr8/avr8-gnu-toolchain/bin/../lib/gcc/avr/5.4.0/../../../../avr/lib/avrxmega2\libm.a(cmpsf2.o) (__fp_cmp)
c:/program files (x86)/atmel/studio/7.0/toolchain/avr8/avr8-gnu-toolchain/bin/../lib/gcc/avr/5.4.0/../../../../avr/lib/avrxmega2\libm.a(fp_inf.o)
                              c:/program files (x86)/atmel/studio/7.0/toolchain/avr8/avr8-gnu-toolchain/bin/../lib/gcc/avr/5.4.0/../../../../avr/lib/avrxmega2\libm.a(addsf3x.o) (__fp_inf)
c:/program files (x86)/atmel/studio/7.0/toolchain/avr8/avr8-gnu-toolchain/bin/../lib/gcc/avr/5.4.0/../../../../avr/lib/avrxmega2\libm.a(fp_nan.o)
                              c:/program files (x86)/atmel/studio/7.0/toolchain/avr8/avr8-gnu-toolchain/bin/../lib/gcc/avr/5.4.0/../../../../avr/lib/avrxmega2\libm.a(addsf3x.o) (__fp_nan)
[...]
Memory Configuration

Name             Origin             Length             Attributes
text             0x00000000         0x00100000         xr
data             0x00802000         0x0000ffa0         rw !x
eeprom           0x00810000         0x00010000         rw !x
fuse             0x00820000         0x00000006         rw !x
lock             0x00830000         0x00000400         rw !x
signature        0x00840000         0x00000400         rw !x
user_signatures  0x00850000         0x00000400         rw !x
*default*        0x00000000         0xffffffff

Linker script and memory map

LOAD C:/Program Files (x86)/Atmel/Studio/7.0/Packs/atmel/XMEGAA_DFP/1.1.68/gcc/dev/atxmega32a4u/avrxmega2/crtatxmega32a4u.o
LOAD src/ASF/common/boards/user_board/init.o
LOAD src/ASF/common/services/clock/xmega/sysclk.o
LOAD src/ASF/common/services/ioport/xmega/ioport_compat.o
LOAD src/ASF/common/services/serial/usart_serial.o
LOAD src/ASF/common/services/sleepmgr/xmega/sleepmgr.o
LOAD src/ASF/common/services/spi/xmega_spi/spi_master.o
LOAD src/ASF/common/utils/stdio/read.o
LOAD src/ASF/common/utils/stdio/write.o
LOAD src/ASF/xmega/drivers/adc/adc.o
LOAD src/ASF/xmega/drivers/adc/xmega_aau/adc_aau.o
LOAD src/ASF/xmega/drivers/cpu/ccp.o
LOAD src/ASF/xmega/drivers/nvm/nvm.o
LOAD src/ASF/xmega/drivers/nvm/nvm_asm.o
LOAD src/ASF/xmega/drivers/spi/spi.o
LOAD src/ASF/xmega/drivers/tc/tc.o
LOAD src/ASF/xmega/drivers/twi/twim.o
LOAD src/ASF/xmega/drivers/twi/twis.o
LOAD src/ASF/xmega/drivers/usart/usart.o
LOAD src/Drivers/adc.o
LOAD src/Drivers/GPS_Parser.o
LOAD src/Drivers/imu.o
LOAD src/Drivers/interrupt.o
LOAD src/Drivers/MahonyAHRS.o
LOAD src/Drivers/mpu9250.o
LOAD src/Drivers/MS5607.o
LOAD src/Drivers/nmea.o
LOAD src/Drivers/SPI.o
LOAD src/Drivers/uart.o
LOAD src/main.o
START GROUP
LOAD c:/program files (x86)/atmel/studio/7.0/toolchain/avr8/avr8-gnu-toolchain/bin/../lib/gcc/avr/5.4.0/../../../../avr/lib/avrxmega2\libm.a
END GROUP
START GROUP
LOAD c:/program files (x86)/atmel/studio/7.0/toolchain/avr8/avr8-gnu-toolchain/bin/../lib/gcc/avr/5.4.0/avrxmega2\libgcc.a
LOAD c:/program files (x86)/atmel/studio/7.0/toolchain/avr8/avr8-gnu-toolchain/bin/../lib/gcc/avr/5.4.0/../../../../avr/lib/avrxmega2\libm.a
LOAD c:/program files (x86)/atmel/studio/7.0/toolchain/avr8/avr8-gnu-toolchain/bin/../lib/gcc/avr/5.4.0/../../../../avr/lib/avrxmega2\libc.a
LOAD C:/Program Files (x86)/Atmel/Studio/7.0/Packs/atmel/XMEGAA_DFP/1.1.68/gcc/dev/atxmega32a4u/avrxmega2\libatxmega32a4u.a
END GROUP
                0x00100000                __TEXT_REGION_LENGTH__ = DEFINED (__TEXT_REGION_LENGTH__)?__TEXT_REGION_LENGTH__:0x100000
                0x0000ffa0                __DATA_REGION_LENGTH__ = DEFINED (__DATA_REGION_LENGTH__)?__DATA_REGION_LENGTH__:0xffa0
                0x00010000                __EEPROM_REGION_LENGTH__ = DEFINED (__EEPROM_REGION_LENGTH__)?__EEPROM_REGION_LENGTH__:0x10000
                [0x00000006]                __FUSE_REGION_LENGTH__ = DEFINED (__FUSE_REGION_LENGTH__)?__FUSE_REGION_LENGTH__:0x400
                0x00000400                __LOCK_REGION_LENGTH__ = DEFINED (__LOCK_REGION_LENGTH__)?__LOCK_REGION_LENGTH__:0x400
                0x00000400                __SIGNATURE_REGION_LENGTH__ = DEFINED (__SIGNATURE_REGION_LENGTH__)?__SIGNATURE_REGION_LENGTH__:0x400
                0x00000400                __USER_SIGNATURE_REGION_LENGTH__ = DEFINED (__USER_SIGNATURE_REGION_LENGTH__)?__USER_SIGNATURE_REGION_LENGTH__:0x400

.hash
 *(.hash)

.dynsym
 *(.dynsym)

.dynstr
 *(.dynstr)

.gnu.version
 *(.gnu.version)

.gnu.version_d
 *(.gnu.version_d)

.gnu.version_r
 *(.gnu.version_r)

.rel.init
 *(.rel.init)

.rela.init
 *(.rela.init)

.rel.text
 *(.rel.text)
 *(.rel.text.*)
 *(.rel.gnu.linkonce.t*)

.rela.text
 *(.rela.text)
 *(.rela.text.*)
 *(.rela.gnu.linkonce.t*)

.rel.fini
 *(.rel.fini)

.rela.fini
 *(.rela.fini)

.rel.rodata
 *(.rel.rodata)
 *(.rel.rodata.*)
 *(.rel.gnu.linkonce.r*)

.rela.rodata
 *(.rela.rodata)
 *(.rela.rodata.*)
 *(.rela.gnu.linkonce.r*)

.rel.data
 *(.rel.data)
 *(.rel.data.*)
 *(.rel.gnu.linkonce.d*)

.rela.data
 *(.rela.data)
 *(.rela.data.*)
 *(.rela.gnu.linkonce.d*)

.rel.ctors
 *(.rel.ctors)

.rela.ctors
 *(.rela.ctors)

.rel.dtors
 *(.rel.dtors)

.rela.dtors
 *(.rela.dtors)

.rel.got
 *(.rel.got)

.rela.got
 *(.rela.got)

.rel.bss
 *(.rel.bss)

.rela.bss
 *(.rela.bss)

.rel.plt
 *(.rel.plt)

.rela.plt
 *(.rela.plt)

.text           0x00000000     0x5dec
 *(.vectors)
 .vectors       0x00000000      0x1fc C:/Program Files (x86)/Atmel/Studio/7.0/Packs/atmel/XMEGAA_DFP/1.1.68/gcc/dev/atxmega32a4u/avrxmega2/crtatxmega32a4u.o
                0x00000000                __vector_default
                0x00000000                __vectors
 *(.vectors)
 *(.progmem.gcc*)
 .progmem.gcc_fplib
                0x000001fc       0x14 c:/program files (x86)/atmel/studio/7.0/toolchain/avr8/avr8-gnu-toolchain/bin/../lib/gcc/avr/5.4.0/../../../../avr/lib/avrxmega2\libm.a(asin.o)
 .progmem.gcc_fplib
                0x00000210       0x2d c:/program files (x86)/atmel/studio/7.0/toolchain/avr8/avr8-gnu-toolchain/bin/../lib/gcc/avr/5.4.0/../../../../avr/lib/avrxmega2\libm.a(atan.o)
 .progmem.gcc_fplib
                0x0000023d       0x28 c:/program files (x86)/atmel/studio/7.0/toolchain/avr8/avr8-gnu-toolchain/bin/../lib/gcc/avr/5.4.0/../../../../avr/lib/avrxmega2\libm.a(fp_arccos.o)
                0x00000266                . = ALIGN (0x2)
 *fill*         0x00000265        0x1 
                0x00000266                __trampolines_start = .
 *(.trampolines)
 .trampolines   0x00000266        0x0 linker stubs
 *(.trampolines*)
                0x00000266                __trampolines_end = .
 *libprintf_flt.a:*(.progmem.data)
 *libc.a:*(.progmem.data)
 *(.progmem*)
                0x00000266                . = ALIGN (0x2)
 *(.jumptables)
 *(.jumptables*)
 *(.lowtext)
 *(.lowtext*)
                0x00000266                __ctors_start = .
 *(.ctors)
                0x00000266                __ctors_end = .
                0x00000266                __dtors_start = .
 *(.dtors)
                0x00000266                __dtors_end = .
 SORT(*)(.ctors)
 SORT(*)(.dtors)
 *(.init0)
 .init0         0x00000266        0x0 C:/Program Files (x86)/Atmel/Studio/7.0/Packs/atmel/XMEGAA_DFP/1.1.68/gcc/dev/atxmega32a4u/avrxmega2/crtatxmega32a4u.o
                0x00000266                __init
 *(.init0)
 *(.init1)
 *(.init1)
 *(.init2)
 .init2         0x00000266        0xc C:/Program Files (x86)/Atmel/Studio/7.0/Packs/atmel/XMEGAA_DFP/1.1.68/gcc/dev/atxmega32a4u/avrxmega2/crtatxmega32a4u.o
 *(.init2)
 *(.init3)
 *(.init3)
 *(.init4)
 .init4         0x00000272       0x16 c:/program files (x86)/atmel/studio/7.0/toolchain/avr8/avr8-gnu-toolchain/bin/../lib/gcc/avr/5.4.0/avrxmega2\libgcc.a(_copy_data.o)
                0x00000272                __do_copy_data
 .init4         0x00000288       0x10 c:/program files (x86)/atmel/studio/7.0/toolchain/avr8/avr8-gnu-toolchain/bin/../lib/gcc/avr/5.4.0/avrxmega2\libgcc.a(_clear_bss.o)
                0x00000288                __do_clear_bss
 *(.init4)
 *(.init5)
 *(.init5)
 *(.init6)
 *(.init6)
 *(.init7)
 *(.init7)
 *(.init8)
 *(.init8)
 *(.init9)
 .init9         0x00000298        0x8 C:/Program Files (x86)/Atmel/Studio/7.0/Packs/atmel/XMEGAA_DFP/1.1.68/gcc/dev/atxmega32a4u/avrxmega2/crtatxmega32a4u.o
 *(.init9)
 *(.text)
 .text          0x000002a0        0x2 C:/Program Files (x86)/Atmel/Studio/7.0/Packs/atmel/XMEGAA_DFP/1.1.68/gcc/dev/atxmega32a4u/avrxmega2/crtatxmega32a4u.o
                0x000002a0                __vector_38
                0x000002a0                __vector_104
                0x000002a0                __vector_63
                0x000002a0                __vector_28
                0x000002a0                __vector_67
                0x000002a0                __vector_1
                0x000002a0                __vector_119
                0x000002a0                __vector_32
                0x000002a0                __vector_75
                0x000002a0                __vector_91
                0x000002a0                __vector_34
                0x000002a0                __vector_62
                0x000002a0                __vector_102
                0x000002a0                __vector_24
                0x000002a0                __vector_12
                0x000002a0                __vector_55
                0x000002a0                __vector_69
                0x000002a0                __vector_90
                0x000002a0                __bad_interrupt
                0x000002a0                __vector_122
                0x000002a0                __vector_114
                0x000002a0                __vector_6
                0x000002a0                __vector_110
                0x000002a0                __vector_31
                0x000002a0                __vector_92
                0x000002a0                __vector_35
                0x000002a0                __vector_117
                0x000002a0                __vector_39
                0x000002a0                __vector_107
                0x000002a0                __vector_3
                0x000002a0                __vector_105
                0x000002a0                __vector_98
                0x000002a0                __vector_68
                0x000002a0                __vector_30
                0x000002a0                __vector_45
                0x000002a0                __vector_93
                0x000002a0                __vector_61
                0x000002a0                __vector_11
                0x000002a0                __vector_54
                0x000002a0                __vector_99
                0x000002a0                __vector_56
                0x000002a0                __vector_7
                0x000002a0                __vector_125
                0x000002a0                __vector_123
                0x000002a0                __vector_41
                0x000002a0                __vector_100
                0x000002a0                __vector_101
                0x000002a0                __vector_88
                0x000002a0                __vector_109
                0x000002a0                __vector_43
                0x000002a0                __vector_27
                0x000002a0                __vector_5
                0x000002a0                __vector_113
                0x000002a0                __vector_33
                0x000002a0                __vector_76
                0x000002a0                __vector_115
                0x000002a0                __vector_37
                0x000002a0                __vector_95
                0x000002a0                __vector_103
                0x000002a0                __vector_96
                0x000002a0                __vector_89
                0x000002a0                __vector_108
                0x000002a0                __vector_4
                0x000002a0                __vector_44
                0x000002a0                __vector_106
                0x000002a0                __vector_118
                0x000002a0                __vector_9
                0x000002a0                __vector_2
                0x000002a0                __vector_66
                0x000002a0                __vector_36
                0x000002a0                __vector_58
                0x000002a0                __vector_70
                0x000002a0                __vector_29
                0x000002a0                __vector_60
                0x000002a0                __vector_121
                0x000002a0                __vector_40
                0x000002a0                __vector_94
                0x000002a0                __vector_126
                0x000002a0                __vector_8
                0x000002a0                __vector_26
                0x000002a0                __vector_124
                0x000002a0                __vector_116
                0x000002a0                __vector_112
                0x000002a0                __vector_111
                0x000002a0                __vector_57
                0x000002a0                __vector_53
                0x000002a0                __vector_10
                0x000002a0                __vector_59
                0x000002a0                __vector_97
                0x000002a0                __vector_42
                0x000002a0                __vector_87
                0x000002a0                __vector_65
                0x000002a0                __vector_120
                0x000002a2                . = ALIGN (0x2)
 *(.text.*)
 .text.board_init
                0x000002a2        0x2 src/ASF/common/boards/user_board/init.o
                0x000002a2                board_init
 .text.sysclk_init
                0x000002a4       0x20 src/ASF/common/services/clock/xmega/sysclk.o
                0x000002a4                sysclk_init
 .text.sysclk_enable_module
                0x000002c4       0x2c src/ASF/common/services/clock/xmega/sysclk.o
                0x000002c4                sysclk_enable_module
 .text._read    0x000002f0       0x32 src/ASF/common/utils/stdio/read.o
                0x000002f0                _read
 .text._write   0x00000322       0x24 src/ASF/common/utils/stdio/write.o
                0x00000322                _write
 .text.__vector_71
                0x00000346       0x5c src/ASF/xmega/drivers/adc/xmega_aau/adc_aau.o
                0x00000346                __vector_71
 .text.__vector_72
                0x000003a2       0x5c src/ASF/xmega/drivers/adc/xmega_aau/adc_aau.o
                0x000003a2                __vector_72
 .text.__vector_73
                0x000003fe       0x5c src/ASF/xmega/drivers/adc/xmega_aau/adc_aau.o
                0x000003fe                __vector_73
 .text.__vector_74
                0x0000045a       0x5c src/ASF/xmega/drivers/adc/xmega_aau/adc_aau.o
                0x0000045a                __vector_74
 .text.nvm_read_byte
                0x000004b6       0x14 src/ASF/xmega/drivers/nvm/nvm_asm.o
                0x000004b6                nvm_read_byte
 .text.__vector_14
                0x000004ca       0x52 src/ASF/xmega/drivers/tc/tc.o
                0x000004ca                __vector_14
 .text.__vector_15
                0x0000051c       0x52 src/ASF/xmega/drivers/tc/tc.o
                0x0000051c                __vector_15
 .text.__vector_16
                0x0000056e       0x52 src/ASF/xmega/drivers/tc/tc.o
                0x0000056e                __vector_16
 .text.__vector_17
                0x000005c0       0x52 src/ASF/xmega/drivers/tc/tc.o
                0x000005c0                __vector_17
 .text.__vector_18
                0x00000612       0x52 src/ASF/xmega/drivers/tc/tc.o
                0x00000612                __vector_18
 .text.__vector_19
                0x00000664       0x52 src/ASF/xmega/drivers/tc/tc.o
                0x00000664                __vector_19
 .text.__vector_20
                0x000006b6       0x52 src/ASF/xmega/drivers/tc/tc.o
                0x000006b6                __vector_20
 .text.__vector_21
                0x00000708       0x52 src/ASF/xmega/drivers/tc/tc.o
                0x00000708                __vector_21
 .text.__vector_22
                0x0000075a       0x52 src/ASF/xmega/drivers/tc/tc.o
                0x0000075a                __vector_22
 .text.__vector_23
                0x000007ac       0x52 src/ASF/xmega/drivers/tc/tc.o
                0x000007ac                __vector_23
 .text.__vector_77
                0x000007fe       0x52 src/ASF/xmega/drivers/tc/tc.o
                0x000007fe                __vector_77
 .text.__vector_78
                0x00000850       0x52 src/ASF/xmega/drivers/tc/tc.o
                0x00000850                __vector_78
 .text.__vector_79
                0x000008a2       0x52 src/ASF/xmega/drivers/tc/tc.o
                0x000008a2                __vector_79
 .text.__vector_80
                0x000008f4       0x52 src/ASF/xmega/drivers/tc/tc.o
                0x000008f4                __vector_80
 .text.__vector_81
                0x00000946       0x52 src/ASF/xmega/drivers/tc/tc.o
                0x00000946                __vector_81
 .text.__vector_82
                0x00000998       0x52 src/ASF/xmega/drivers/tc/tc.o
                0x00000998                __vector_82
 .text.__vector_83
                0x000009ea       0x52 src/ASF/xmega/drivers/tc/tc.o
                0x000009ea                __vector_83
 .text.__vector_84
                0x00000a3c       0x52 src/ASF/xmega/drivers/tc/tc.o
                0x00000a3c                __vector_84
 .text.__vector_85
                0x00000a8e       0x52 src/ASF/xmega/drivers/tc/tc.o
                0x00000a8e                __vector_85
 .text.__vector_86
                0x00000ae0       0x52 src/ASF/xmega/drivers/tc/tc.o
                0x00000ae0                __vector_86
 .text.__vector_47
                0x00000b32       0x52 src/ASF/xmega/drivers/tc/tc.o
                0x00000b32                __vector_47
 .text.__vector_48
                0x00000b84       0x52 src/ASF/xmega/drivers/tc/tc.o
                0x00000b84                __vector_48
 .text.__vector_49
                0x00000bd6       0x52 src/ASF/xmega/drivers/tc/tc.o
                0x00000bd6                __vector_49
 .text.__vector_50
                0x00000c28       0x52 src/ASF/xmega/drivers/tc/tc.o
                0x00000c28                __vector_50
 .text.__vector_51
                0x00000c7a       0x52 src/ASF/xmega/drivers/tc/tc.o
                0x00000c7a                __vector_51
 .text.__vector_52
                0x00000ccc       0x52 src/ASF/xmega/drivers/tc/tc.o
                0x00000ccc                __vector_52
 .text.twim_interrupt_handler
                0x00000d1e      0x12e src/ASF/xmega/drivers/twi/twim.o
 .text.__vector_13
                0x00000e4c       0x46 src/ASF/xmega/drivers/twi/twim.o
                0x00000e4c                __vector_13
 .text.__vector_46
                0x00000e92       0x46 src/ASF/xmega/drivers/twi/twim.o
                0x00000e92                __vector_46
 .text.twi_master_init
                0x00000ed8       0x2a src/ASF/xmega/drivers/twi/twim.o
                0x00000ed8                twi_master_init
 .text.twi_master_transfer
                0x00000f02       0xc8 src/ASF/xmega/drivers/twi/twim.o
                0x00000f02                twi_master_transfer
 .text.usart_putchar
                0x00000fca       0x10 src/ASF/xmega/drivers/usart/usart.o
                0x00000fca                usart_putchar
 .text.usart_getchar
                0x00000fda        0xc src/ASF/xmega/drivers/usart/usart.o
                0x00000fda                usart_getchar
 .text.usart_set_baudrate
                0x00000fe6      0x226 src/ASF/xmega/drivers/usart/usart.o
                0x00000fe6                usart_set_baudrate
 .text.usart_init_rs232
                0x0000120c      0x1ee src/ASF/xmega/drivers/usart/usart.o
                0x0000120c                usart_init_rs232
 .text.adc_init
                0x000013fa       0x4e src/Drivers/adc.o
                0x000013fa                adc_init
 .text.adc_set_pin
                0x00001448       0x2c src/Drivers/adc.o
                0x00001448                adc_set_pin
 .text.adc_read
                0x00001474       0x1c src/Drivers/adc.o
                0x00001474                adc_read
 .text.init_imu
                0x00001490        0x8 src/Drivers/imu.o
                0x00001490                init_imu
 .text.imu_update
                0x00001498      0x7d8 src/Drivers/imu.o
                0x00001498                imu_update
 .text.invSqrt  0x00001c70       0x76 src/Drivers/MahonyAHRS.o
                0x00001c70                invSqrt
 .text.MahonyAHRSupdateIMU
                0x00001ce6      0xa02 src/Drivers/MahonyAHRS.o
                0x00001ce6                MahonyAHRSupdateIMU
 .text.MahonyAHRSupdate
                0x000026e8     0x1070 src/Drivers/MahonyAHRS.o
                0x000026e8                MahonyAHRSupdate
 .text.__portable_avr_delay_cycles
                0x00003758       0x16 src/Drivers/mpu9250.o
 .text.mpu9250_ODR_init
                0x0000376e       0x3e src/Drivers/mpu9250.o
                0x0000376e                mpu9250_ODR_init
 .text.mpu9250_gyro_init
                0x000037ac       0x7c src/Drivers/mpu9250.o
                0x000037ac                mpu9250_gyro_init
 .text.mpu9250_acc_init
                0x00003828       0x7c src/Drivers/mpu9250.o
                0x00003828                mpu9250_acc_init
 .text.mpu9250_mag_cal
                0x000038a4      0x292 src/Drivers/mpu9250.o
                0x000038a4                mpu9250_mag_cal
 .text.mpu9250_mag_init
                0x00003b36      0x1d6 src/Drivers/mpu9250.o
                0x00003b36                mpu9250_mag_init
 .text.mpu9250_int_init
                0x00003d0c       0x7c src/Drivers/mpu9250.o
                0x00003d0c                mpu9250_int_init
 .text.init_mpu9250
                0x00003d88       0xdc src/Drivers/mpu9250.o
                0x00003d88                init_mpu9250
 .text.read_mpu9250
                0x00003e64      0x348 src/Drivers/mpu9250.o
                0x00003e64                read_mpu9250
 .text.__vector_64
                0x000041ac       0x54 src/Drivers/mpu9250.o
                0x000041ac                __vector_64
 .text.usart_serial_getchar
                0x00004200       0x12 src/Drivers/uart.o
 .text.usart_serial_putchar
                0x00004212        0x6 src/Drivers/uart.o
 .text.uart_sd_init
                0x00004218       0x92 src/Drivers/uart.o
                0x00004218                uart_sd_init
 .text.uart_gps_init_default
                0x000042aa       0xac src/Drivers/uart.o
                0x000042aa                uart_gps_init_default
 .text.uart_gps_init
                0x00004356       0xac src/Drivers/uart.o
                0x00004356                uart_gps_init
 .text.__portable_avr_delay_cycles
                0x00004402       0x16 src/main.o
 .text.sysclk_enable_peripheral_clock
                0x00004418      0x1b2 src/main.o
 .text.ring_push
                0x000045ca       0x4e src/main.o
                0x000045ca                ring_push
 .text.ring_pop
                0x00004618       0x56 src/main.o
                0x00004618                ring_pop
 .text.__vector_25
                0x0000466e       0x4e src/main.o
                0x0000466e                __vector_25
 .text.main     0x000046bc      0x726 src/main.o
                0x000046bc                main
 .text.avr-libc.fplib
                0x00004de2        0xa c:/program files (x86)/atmel/studio/7.0/toolchain/avr8/avr8-gnu-toolchain/bin/../lib/gcc/avr/5.4.0/../../../../avr/lib/avrxmega2\libm.a(addsf3.o)
                0x00004de2                __subsf3
                0x00004de4                __addsf3
 .text.avr-libc.fplib
                0x00004dec       0xc0 c:/program files (x86)/atmel/studio/7.0/toolchain/avr8/avr8-gnu-toolchain/bin/../lib/gcc/avr/5.4.0/../../../../avr/lib/avrxmega2\libm.a(addsf3x.o)
                0x00004e06                __addsf3x
 .text.avr-libc.fplib
                0x00004eac       0x2e c:/program files (x86)/atmel/studio/7.0/toolchain/avr8/avr8-gnu-toolchain/bin/../lib/gcc/avr/5.4.0/../../../../avr/lib/avrxmega2\libm.a(asin.o)
                0x00004eac                asin
 .text.avr-libc.fplib
                0x00004eda       0x74 c:/program files (x86)/atmel/studio/7.0/toolchain/avr8/avr8-gnu-toolchain/bin/../lib/gcc/avr/5.4.0/../../../../avr/lib/avrxmega2\libm.a(atan2.o)
                0x00004ef8                atan2
 .text.avr-libc.fplib
                0x00004f4e       0x50 c:/program files (x86)/atmel/studio/7.0/toolchain/avr8/avr8-gnu-toolchain/bin/../lib/gcc/avr/5.4.0/../../../../avr/lib/avrxmega2\libm.a(atan.o)
                0x00004f4e                atan
 .text.avr-libc.fplib
                0x00004f9e        0x8 c:/program files (x86)/atmel/studio/7.0/toolchain/avr8/avr8-gnu-toolchain/bin/../lib/gcc/avr/5.4.0/../../../../avr/lib/avrxmega2\libm.a(cmpsf2.o)
                0x00004f9e                __nesf2
                0x00004f9e                __eqsf2
                0x00004f9e                __cmpsf2
                0x00004f9e                __ltsf2
                0x00004f9e                __lesf2
 .text.avr-libc.fplib
                0x00004fa6        0x4 c:/program files (x86)/atmel/studio/7.0/toolchain/avr8/avr8-gnu-toolchain/bin/../lib/gcc/avr/5.4.0/../../../../avr/lib/avrxmega2\libm.a(divsf3.o)
                0x00004fa6                __divsf3
 .text.avr-libc.fplib
                0x00004faa       0xcc c:/program files (x86)/atmel/studio/7.0/toolchain/avr8/avr8-gnu-toolchain/bin/../lib/gcc/avr/5.4.0/../../../../avr/lib/avrxmega2\libm.a(divsf3x.o)
                0x00004fc0                __divsf3x
                0x00004fc4                __divsf3_pse
 .text.avr-libc.fplib
                0x00005076        0xa c:/program files (x86)/atmel/studio/7.0/toolchain/avr8/avr8-gnu-toolchain/bin/../lib/gcc/avr/5.4.0/../../../../avr/lib/avrxmega2\libm.a(fixsfsi.o)
                0x00005076                __fixsfsi
 .text.avr-libc.fplib
                0x00005080       0x58 c:/program files (x86)/atmel/studio/7.0/toolchain/avr8/avr8-gnu-toolchain/bin/../lib/gcc/avr/5.4.0/../../../../avr/lib/avrxmega2\libm.a(fixunssfsi.o)
                0x00005080                __fixunssfsi
 .text.avr-libc.fplib
                0x000050d8       0x7a c:/program files (x86)/atmel/studio/7.0/toolchain/avr8/avr8-gnu-toolchain/bin/../lib/gcc/avr/5.4.0/../../../../avr/lib/avrxmega2\libm.a(floatsisf.o)
                0x000050d8                __floatunsisf
                0x000050dc                __floatsisf
 .text.avr-libc.fplib
                0x00005152       0x36 c:/program files (x86)/atmel/studio/7.0/toolchain/avr8/avr8-gnu-toolchain/bin/../lib/gcc/avr/5.4.0/../../../../avr/lib/avrxmega2\libm.a(fp_arccos.o)
                0x00005152                __fp_arccos
 .text.avr-libc.fplib
                0x00005188       0x48 c:/program files (x86)/atmel/studio/7.0/toolchain/avr8/avr8-gnu-toolchain/bin/../lib/gcc/avr/5.4.0/../../../../avr/lib/avrxmega2\libm.a(fp_cmp.o)
                0x00005188                __fp_cmp
 .text.avr-libc.fplib
                0x000051d0        0xc c:/program files (x86)/atmel/studio/7.0/toolchain/avr8/avr8-gnu-toolchain/bin/../lib/gcc/avr/5.4.0/../../../../avr/lib/avrxmega2\libm.a(fp_inf.o)
                0x000051d0                __fp_inf
 .text.avr-libc.fplib
                0x000051dc        0x6 c:/program files (x86)/atmel/studio/7.0/toolchain/avr8/avr8-gnu-toolchain/bin/../lib/gcc/avr/5.4.0/../../../../avr/lib/avrxmega2\libm.a(fp_nan.o)
                0x000051dc                __fp_nan
 .text.avr-libc.fplib
                0x000051e2       0x4a c:/program files (x86)/atmel/studio/7.0/toolchain/avr8/avr8-gnu-toolchain/bin/../lib/gcc/avr/5.4.0/../../../../avr/lib/avrxmega2\libm.a(fp_powser.o)
                0x000051e2                __fp_powser
 .text.avr-libc.fplib
                0x0000522c       0x22 c:/program files (x86)/atmel/studio/7.0/toolchain/avr8/avr8-gnu-toolchain/bin/../lib/gcc/avr/5.4.0/../../../../avr/lib/avrxmega2\libm.a(fp_powsodd.o)
                0x0000522c                __fp_powsodd
 .text.avr-libc.fplib
                0x0000524e        0xe c:/program files (x86)/atmel/studio/7.0/toolchain/avr8/avr8-gnu-toolchain/bin/../lib/gcc/avr/5.4.0/../../../../avr/lib/avrxmega2\libm.a(fp_pscA.o)
                0x0000524e                __fp_pscA
 .text.avr-libc.fplib
                0x0000525c        0xe c:/program files (x86)/atmel/studio/7.0/toolchain/avr8/avr8-gnu-toolchain/bin/../lib/gcc/avr/5.4.0/../../../../avr/lib/avrxmega2\libm.a(fp_pscB.o)
                0x0000525c                __fp_pscB
 .text.avr-libc.fplib
                0x0000526a       0x22 c:/program files (x86)/atmel/studio/7.0/toolchain/avr8/avr8-gnu-toolchain/bin/../lib/gcc/avr/5.4.0/../../../../avr/lib/avrxmega2\libm.a(fp_round.o)
                0x0000526a                __fp_round
 .text.avr-libc.fplib
                0x0000528c       0x44 c:/program files (x86)/atmel/studio/7.0/toolchain/avr8/avr8-gnu-toolchain/bin/../lib/gcc/avr/5.4.0/../../../../avr/lib/avrxmega2\libm.a(fp_split3.o)
                0x0000528c                __fp_split3
                0x0000529c                __fp_splitA
 .text.avr-libc.fplib
                0x000052d0        0xe c:/program files (x86)/atmel/studio/7.0/toolchain/avr8/avr8-gnu-toolchain/bin/../lib/gcc/avr/5.4.0/../../../../avr/lib/avrxmega2\libm.a(fp_zero.o)
                0x000052d0                __fp_zero
                0x000052d2                __fp_szero
 .text.avr-libc.fplib
                0x000052de        0x8 c:/program files (x86)/atmel/studio/7.0/toolchain/avr8/avr8-gnu-toolchain/bin/../lib/gcc/avr/5.4.0/../../../../avr/lib/avrxmega2\libm.a(gesf2.o)
                0x000052de                __gesf2
                0x000052de                __gtsf2
 .text.avr-libc.fplib
                0x000052e6        0xe c:/program files (x86)/atmel/studio/7.0/toolchain/avr8/avr8-gnu-toolchain/bin/../lib/gcc/avr/5.4.0/../../../../avr/lib/avrxmega2\libm.a(inverse.o)
                0x000052e6                inverse
 .text.avr-libc.fplib
                0x000052f4        0x4 c:/program files (x86)/atmel/studio/7.0/toolchain/avr8/avr8-gnu-toolchain/bin/../lib/gcc/avr/5.4.0/../../../../avr/lib/avrxmega2\libm.a(mulsf3.o)
                0x000052f4                __mulsf3
 .text.avr-libc.fplib
                0x000052f8       0xc2 c:/program files (x86)/atmel/studio/7.0/toolchain/avr8/avr8-gnu-toolchain/bin/../lib/gcc/avr/5.4.0/../../../../avr/lib/avrxmega2\libm.a(mulsf3x.o)
                0x0000530c                __mulsf3x
                0x00005310                __mulsf3_pse
 .text.avr-libc.fplib
                0x000053ba       0x84 c:/program files (x86)/atmel/studio/7.0/toolchain/avr8/avr8-gnu-toolchain/bin/../lib/gcc/avr/5.4.0/../../../../avr/lib/avrxmega2\libm.a(sqrt.o)
                0x000053c2                sqrtf
                0x000053c2                sqrt
 .text.avr-libc.fplib
                0x0000543e        0x6 c:/program files (x86)/atmel/studio/7.0/toolchain/avr8/avr8-gnu-toolchain/bin/../lib/gcc/avr/5.4.0/../../../../avr/lib/avrxmega2\libm.a(square.o)
                0x0000543e                square
 .text.avr-libc.fplib
                0x00005444       0x1c c:/program files (x86)/atmel/studio/7.0/toolchain/avr8/avr8-gnu-toolchain/bin/../lib/gcc/avr/5.4.0/../../../../avr/lib/avrxmega2\libm.a(fp_mpack.o)
                0x00005444                __fp_mpack
                0x00005448                __fp_mpack_finite
 .text.avr-libc.fplib
                0x00005460        0xe c:/program files (x86)/atmel/studio/7.0/toolchain/avr8/avr8-gnu-toolchain/bin/../lib/gcc/avr/5.4.0/../../../../avr/lib/avrxmega2\libm.a(fp_norm2.o)
                0x00005460                __fp_norm2
 .text.libgcc.div
                0x0000546e       0x28 c:/program files (x86)/atmel/studio/7.0/toolchain/avr8/avr8-gnu-toolchain/bin/../lib/gcc/avr/5.4.0/avrxmega2\libgcc.a(_udivmodhi4.o)
                0x0000546e                __udivmodhi4
 .text.libgcc.div
                0x00005496       0x44 c:/program files (x86)/atmel/studio/7.0/toolchain/avr8/avr8-gnu-toolchain/bin/../lib/gcc/avr/5.4.0/avrxmega2\libgcc.a(_udivmodsi4.o)
                0x00005496                __udivmodsi4
 .text.avr-libc
                0x000054da       0x94 c:/program files (x86)/atmel/studio/7.0/toolchain/avr8/avr8-gnu-toolchain/bin/../lib/gcc/avr/5.4.0/../../../../avr/lib/avrxmega2\libc.a(fdevopen.o)
                0x000054da                fdevopen
 .text.avr-libc
                0x0000556e       0x26 c:/program files (x86)/atmel/studio/7.0/toolchain/avr8/avr8-gnu-toolchain/bin/../lib/gcc/avr/5.4.0/../../../../avr/lib/avrxmega2\libc.a(printf.o)
                0x0000556e                printf
 .text.avr-libc
                0x00005594        0xa c:/program files (x86)/atmel/studio/7.0/toolchain/avr8/avr8-gnu-toolchain/bin/../lib/gcc/avr/5.4.0/../../../../avr/lib/avrxmega2\libc.a(putchar.o)
                0x00005594                putchar
 .text.avr-libc
                0x0000559e       0x60 c:/program files (x86)/atmel/studio/7.0/toolchain/avr8/avr8-gnu-toolchain/bin/../lib/gcc/avr/5.4.0/../../../../avr/lib/avrxmega2\libc.a(puts.o)
                0x0000559e                puts
 .text.avr-libc
                0x000055fe      0x3a4 c:/program files (x86)/atmel/studio/7.0/toolchain/avr8/avr8-gnu-toolchain/bin/../lib/gcc/avr/5.4.0/../../../../avr/lib/avrxmega2\libc.a(vfprintf_std.o)
                0x000055fe                vfprintf
 .text.avr-libc
                0x000059a2       0x34 c:/program files (x86)/atmel/studio/7.0/toolchain/avr8/avr8-gnu-toolchain/bin/../lib/gcc/avr/5.4.0/../../../../avr/lib/avrxmega2\libc.a(calloc.o)
                0x000059a2                calloc
 .text.avr-libc
                0x000059d6      0x242 c:/program files (x86)/atmel/studio/7.0/toolchain/avr8/avr8-gnu-toolchain/bin/../lib/gcc/avr/5.4.0/../../../../avr/lib/avrxmega2\libc.a(malloc.o)
                0x000059d6                malloc
                0x00005b06                free
 .text.avr-libc
                0x00005c18       0x16 c:/program files (x86)/atmel/studio/7.0/toolchain/avr8/avr8-gnu-toolchain/bin/../lib/gcc/avr/5.4.0/../../../../avr/lib/avrxmega2\libc.a(strnlen_P.o)
                0x00005c18                strnlen_P
 .text.avr-libc
                0x00005c2e        0xe c:/program files (x86)/atmel/studio/7.0/toolchain/avr8/avr8-gnu-toolchain/bin/../lib/gcc/avr/5.4.0/../../../../avr/lib/avrxmega2\libc.a(memset.o)
                0x00005c2e                memset
 .text.avr-libc
                0x00005c3c       0x16 c:/program files (x86)/atmel/studio/7.0/toolchain/avr8/avr8-gnu-toolchain/bin/../lib/gcc/avr/5.4.0/../../../../avr/lib/avrxmega2\libc.a(strnlen.o)
                0x00005c3c                strnlen
 .text.avr-libc
                0x00005c52       0x78 c:/program files (x86)/atmel/studio/7.0/toolchain/avr8/avr8-gnu-toolchain/bin/../lib/gcc/avr/5.4.0/../../../../avr/lib/avrxmega2\libc.a(fputc.o)
                0x00005c52                fputc
 .text.avr-libc
                0x00005cca       0xbc c:/program files (x86)/atmel/studio/7.0/toolchain/avr8/avr8-gnu-toolchain/bin/../lib/gcc/avr/5.4.0/../../../../avr/lib/avrxmega2\libc.a(ultoa_invert.o)
                0x00005cca                __ultoa_invert
 .text.libgcc.prologue
                0x00005d86       0x32 c:/program files (x86)/atmel/studio/7.0/toolchain/avr8/avr8-gnu-toolchain/bin/../lib/gcc/avr/5.4.0/avrxmega2\libgcc.a(_prologue.o)
                0x00005d86                __prologue_saves__
 .text.libgcc.prologue
                0x00005db8       0x30 c:/program files (x86)/atmel/studio/7.0/toolchain/avr8/avr8-gnu-toolchain/bin/../lib/gcc/avr/5.4.0/avrxmega2\libgcc.a(_epilogue.o)
                0x00005db8                __epilogue_restores__
                0x00005de8                . = ALIGN (0x2)
 *(.fini9)
 .fini9         0x00005de8        0x0 c:/program files (x86)/atmel/studio/7.0/toolchain/avr8/avr8-gnu-toolchain/bin/../lib/gcc/avr/5.4.0/avrxmega2\libgcc.a(_exit.o)
                0x00005de8                _exit
                0x00005de8                exit
 *(.fini9)
 *(.fini8)
 *(.fini8)
 *(.fini7)
 *(.fini7)
 *(.fini6)
 *(.fini6)
 *(.fini5)
 *(.fini5)
 *(.fini4)
 *(.fini4)
 *(.fini3)
 *(.fini3)
 *(.fini2)
 *(.fini2)
 *(.fini1)
 *(.fini1)
 *(.fini0)
 .fini0         0x00005de8        0x4 c:/program files (x86)/atmel/studio/7.0/toolchain/avr8/avr8-gnu-toolchain/bin/../lib/gcc/avr/5.4.0/avrxmega2\libgcc.a(_exit.o)
 *(.fini0)
                0x00005dec                _etext = .

.data           0x00802000      0x198 load address 0x00005dec
                0x00802000                PROVIDE (__data_start, .)
 *(.data)
 .data          0x00802000        0x6 c:/program files (x86)/atmel/studio/7.0/toolchain/avr8/avr8-gnu-toolchain/bin/../lib/gcc/avr/5.4.0/../../../../avr/lib/avrxmega2\libc.a(malloc.o)
                0x00802000                __malloc_heap_end
                0x00802002                __malloc_heap_start
                0x00802004                __malloc_margin
 *(.data*)
 .data.GYR_X_OFF
                0x00802006        0x2 src/Drivers/imu.o
                0x00802006                GYR_X_OFF
 .data.ACC_Z_OFF
                0x00802008        0x2 src/Drivers/imu.o
                0x00802008                ACC_Z_OFF
 .data.ACC_Y_OFF
                0x0080200a        0x2 src/Drivers/imu.o
                0x0080200a                ACC_Y_OFF
 .data.ACC_X_OFF
                0x0080200c        0x2 src/Drivers/imu.o
                0x0080200c                ACC_X_OFF
 .data.MAG_Z_OFF
                0x0080200e        0x2 src/Drivers/imu.o
                0x0080200e                MAG_Z_OFF
 .data.MAG_Y_OFF
                0x00802010        0x2 src/Drivers/imu.o
                0x00802010                MAG_Y_OFF
 .data.MAG_X_OFF
                0x00802012        0x2 src/Drivers/imu.o
                0x00802012                MAG_X_OFF
 .data.q0       0x00802014        0x4 src/Drivers/MahonyAHRS.o
                0x00802014                q0
 .data.twoKp    0x00802018        0x4 src/Drivers/MahonyAHRS.o
                0x00802018                twoKp
 .data.readmpu9250
                0x0080201c        0xb src/Drivers/mpu9250.o
 .data.ACC_SENSITIVITY
                0x00802027        0x4 src/Drivers/mpu9250.o
 .data.GYRO_SENSITIVITY
                0x0080202b        0x4 src/Drivers/mpu9250.o
 .data.usart_config.6309
                0x0080202f        0x7 src/Drivers/uart.o
 .data.usart_config.6306
                0x00802036        0x7 src/Drivers/uart.o
 .data.usart_config.6303
                0x0080203d        0x7 src/Drivers/uart.o
 *(.gnu.linkonce.d*)
 *(.rodata)
 .rodata        0x00802044       0x6c src/main.o
 *(.rodata*)
 .rodata.str1.1
                0x008020b0       0xe8 src/main.o
                                 0xea (size before relaxing)
 *(.gnu.linkonce.r*)
                0x00802198                . = ALIGN (0x2)
                0x00802198                _edata = .
                0x00802198                PROVIDE (__data_end, .)

.bss            0x00802198      0xb04
                0x00802198                PROVIDE (__bss_start, .)
 *(.bss)
 *(.bss*)
 .bss.tc_tce0_ccd_callback
                0x00802198        0x2 src/ASF/xmega/drivers/tc/tc.o
 .bss.tc_tce0_ccc_callback
                0x0080219a        0x2 src/ASF/xmega/drivers/tc/tc.o
 .bss.tc_tce0_ccb_callback
                0x0080219c        0x2 src/ASF/xmega/drivers/tc/tc.o
 .bss.tc_tce0_cca_callback
                0x0080219e        0x2 src/ASF/xmega/drivers/tc/tc.o
 .bss.tc_tce0_err_callback
                0x008021a0        0x2 src/ASF/xmega/drivers/tc/tc.o
 .bss.tc_tce0_ovf_callback
                0x008021a2        0x2 src/ASF/xmega/drivers/tc/tc.o
 .bss.tc_tcd1_ccb_callback
                0x008021a4        0x2 src/ASF/xmega/drivers/tc/tc.o
 .bss.tc_tcd1_cca_callback
                0x008021a6        0x2 src/ASF/xmega/drivers/tc/tc.o
 .bss.tc_tcd1_err_callback
                0x008021a8        0x2 src/ASF/xmega/drivers/tc/tc.o
 .bss.tc_tcd1_ovf_callback
                0x008021aa        0x2 src/ASF/xmega/drivers/tc/tc.o
 .bss.tc_tcd0_ccd_callback
                0x008021ac        0x2 src/ASF/xmega/drivers/tc/tc.o
 .bss.tc_tcd0_ccc_callback
                0x008021ae        0x2 src/ASF/xmega/drivers/tc/tc.o
 .bss.tc_tcd0_ccb_callback
                0x008021b0        0x2 src/ASF/xmega/drivers/tc/tc.o
 .bss.tc_tcd0_cca_callback
                0x008021b2        0x2 src/ASF/xmega/drivers/tc/tc.o
 .bss.tc_tcd0_err_callback
                0x008021b4        0x2 src/ASF/xmega/drivers/tc/tc.o
 .bss.tc_tcd0_ovf_callback
                0x008021b6        0x2 src/ASF/xmega/drivers/tc/tc.o
 .bss.tc_tcc1_ccb_callback
                0x008021b8        0x2 src/ASF/xmega/drivers/tc/tc.o
 .bss.tc_tcc1_cca_callback
                0x008021ba        0x2 src/ASF/xmega/drivers/tc/tc.o
 .bss.tc_tcc1_err_callback
                0x008021bc        0x2 src/ASF/xmega/drivers/tc/tc.o
 .bss.tc_tcc1_ovf_callback
                0x008021be        0x2 src/ASF/xmega/drivers/tc/tc.o
 .bss.tc_tcc0_ccd_callback
                0x008021c0        0x2 src/ASF/xmega/drivers/tc/tc.o
 .bss.tc_tcc0_ccc_callback
                0x008021c2        0x2 src/ASF/xmega/drivers/tc/tc.o
 .bss.tc_tcc0_ccb_callback
                0x008021c4        0x2 src/ASF/xmega/drivers/tc/tc.o
 .bss.tc_tcc0_cca_callback
                0x008021c6        0x2 src/ASF/xmega/drivers/tc/tc.o
 .bss.tc_tcc0_err_callback
                0x008021c8        0x2 src/ASF/xmega/drivers/tc/tc.o
 .bss.tc_tcc0_ovf_callback
                0x008021ca        0x2 src/ASF/xmega/drivers/tc/tc.o
 .bss.transfer  0x008021cc        0xb src/ASF/xmega/drivers/twi/twim.o
 .bss.GYR_Z_OFF
                0x008021d7        0x2 src/Drivers/imu.o
                0x008021d7                GYR_Z_OFF
 .bss.GYR_Y_OFF
                0x008021d9        0x2 src/Drivers/imu.o
                0x008021d9                GYR_Y_OFF
 .bss.integralFBz
                0x008021db        0x4 src/Drivers/MahonyAHRS.o
                0x008021db                integralFBz
 .bss.integralFBy
                0x008021df        0x4 src/Drivers/MahonyAHRS.o
                0x008021df                integralFBy
 .bss.integralFBx
                0x008021e3        0x4 src/Drivers/MahonyAHRS.o
                0x008021e3                integralFBx
 .bss.q3        0x008021e7        0x4 src/Drivers/MahonyAHRS.o
                0x008021e7                q3
 .bss.q2        0x008021eb        0x4 src/Drivers/MahonyAHRS.o
                0x008021eb                q2
 .bss.q1        0x008021ef        0x4 src/Drivers/MahonyAHRS.o
                0x008021ef                q1
 .bss.twoKi     0x008021f3        0x4 src/Drivers/MahonyAHRS.o
                0x008021f3                twoKi
 .bss.ASAZ      0x008021f7        0x4 src/Drivers/mpu9250.o
 .bss.ASAY      0x008021fb        0x4 src/Drivers/mpu9250.o
 .bss.ASAX      0x008021ff        0x4 src/Drivers/mpu9250.o
 .bss.time      0x00802203        0x4 src/Drivers/mpu9250.o
 .bss.timerflag
                0x00802207        0x1 src/Drivers/mpu9250.o
 .bss.data_rdy_flag
                0x00802208        0x1 src/Drivers/mpu9250.o
 .bss.mpu9250_twi_data
                0x00802209      0x100 src/Drivers/mpu9250.o
 *(COMMON)
 COMMON         0x00802309        0x2 src/ASF/common/utils/stdio/read.o
                0x00802309                ptr_get
 COMMON         0x0080230b        0x4 src/ASF/common/utils/stdio/write.o
                0x0080230b                ptr_put
                0x0080230d                stdio_base
 COMMON         0x0080230f        0x2 src/ASF/xmega/drivers/adc/adc.o
                0x0080230f                adca_callback
 COMMON         0x00802311       0x15 src/Drivers/imu.o
                0x00802311                data
 COMMON         0x00802326      0x96c src/main.o
                0x00802326                adcValues
                0x0080232e                FixQuality
                0x0080232f                Speed
                0x00802334                j
                0x00802336                GPSTime
                0x0080233c                GPSDate
                0x00802342                alt
                0x00802344                Altitude
                0x0080234b                Long
                0x00802355                i
                0x00802357                static_sensor
                0x00802378                gps_ring
                0x00802b7e                EW
                0x00802b7f                USARTBuffer
                0x00802bcf                GPGGA
                0x00802c1f                NMEAPacket
                0x00802c6f                Lat
                0x00802c78                NS
                0x00802c79                gpsPacketString
                0x00802c8d                Heading
 COMMON         0x00802c92        0x6 c:/program files (x86)/atmel/studio/7.0/toolchain/avr8/avr8-gnu-toolchain/bin/../lib/gcc/avr/5.4.0/../../../../avr/lib/avrxmega2\libc.a(iob.o)
                0x00802c92                __iob
 COMMON         0x00802c98        0x4 c:/program files (x86)/atmel/studio/7.0/toolchain/avr8/avr8-gnu-toolchain/bin/../lib/gcc/avr/5.4.0/../../../../avr/lib/avrxmega2\libc.a(malloc.o)
                0x00802c98                __brkval
                0x00802c9a                __flp
                0x00802c9c                PROVIDE (__bss_end, .)
                0x00005dec                __data_load_start = LOADADDR (.data)
                0x00005f84                __data_load_end = (__data_load_start + SIZEOF (.data))

.noinit         0x00802c9c        0x0
                [!provide]                PROVIDE (__noinit_start, .)
 *(.noinit*)
                [!provide]                PROVIDE (__noinit_end, .)
                0x00802c9c                _end = .
                0x00802c9c                PROVIDE (__heap_start, .)

.eeprom         0x00810000        0x0
 *(.eeprom*)
                0x00810000                __eeprom_end = .

.fuse
 *(.fuse)
 *(.lfuse)
 *(.hfuse)
 *(.efuse)

.lock
 *(.lock*)

.signature
 *(.signature*)

.user_signatures
 *(.user_signatures*)

.stab
 *(.stab)

.stabstr
 *(.stabstr)

.stab.excl
 *(.stab.excl)

.stab.exclstr
 *(.stab.exclstr)

.stab.index
 *(.stab.index)

.stab.indexstr
 *(.stab.indexstr)

.comment        0x00000000       0x5c
 *(.comment)
 .comment       0x00000000       0x30 src/ASF/common/boards/user_board/init.o
                                 0x31 (size before relaxing)
 .comment       0x00000030       0x31 src/ASF/common/services/clock/xmega/sysclk.o
 .comment       0x00000030       0x31 src/ASF/common/utils/stdio/read.o
 .comment       0x00000030       0x31 src/ASF/common/utils/stdio/write.o
 .comment       0x00000030       0x31 src/ASF/xmega/drivers/adc/adc.o
 .comment       0x00000030       0x31 src/ASF/xmega/drivers/adc/xmega_aau/adc_aau.o
 .comment       0x00000030       0x31 src/ASF/xmega/drivers/tc/tc.o
 .comment       0x00000030       0x31 src/ASF/xmega/drivers/twi/twim.o
 .comment       0x00000030       0x31 src/ASF/xmega/drivers/usart/usart.o
 .comment       0x00000030       0x31 src/Drivers/adc.o
 .comment       0x00000030       0x31 src/Drivers/imu.o
 .comment       0x00000030       0x31 src/Drivers/MahonyAHRS.o
 .comment       0x00000030       0x31 src/Drivers/mpu9250.o
 .comment       0x00000030       0x31 src/Drivers/uart.o
 .comment       0x00000030       0x31 src/main.o
 .comment       0x00000030       0x31 c:/program files (x86)/atmel/studio/7.0/toolchain/avr8/avr8-gnu-toolchain/bin/../lib/gcc/avr/5.4.0/../../../../avr/lib/avrxmega2\libc.a(fdevopen.o)
 .comment       0x00000030       0x31 c:/program files (x86)/atmel/studio/7.0/toolchain/avr8/avr8-gnu-toolchain/bin/../lib/gcc/avr/5.4.0/../../../../avr/lib/avrxmega2\libc.a(iob.o)
 .comment       0x00000030       0x31 c:/program files (x86)/atmel/studio/7.0/toolchain/avr8/avr8-gnu-toolchain/bin/../lib/gcc/avr/5.4.0/../../../../avr/lib/avrxmega2\libc.a(printf.o)
 .comment       0x00000030       0x31 c:/program files (x86)/atmel/studio/7.0/toolchain/avr8/avr8-gnu-toolchain/bin/../lib/gcc/avr/5.4.0/../../../../avr/lib/avrxmega2\libc.a(putchar.o)
 .comment       0x00000030       0x31 c:/program files (x86)/atmel/studio/7.0/toolchain/avr8/avr8-gnu-toolchain/bin/../lib/gcc/avr/5.4.0/../../../../avr/lib/avrxmega2\libc.a(puts.o)
 .comment       0x00000030       0x2c c:/program files (x86)/atmel/studio/7.0/toolchain/avr8/avr8-gnu-toolchain/bin/../lib/gcc/avr/5.4.0/../../../../avr/lib/avrxmega2\libc.a(vfprintf_std.o)
                                 0x2d (size before relaxing)
 .comment       0x0000005c       0x31 c:/program files (x86)/atmel/studio/7.0/toolchain/avr8/avr8-gnu-toolchain/bin/../lib/gcc/avr/5.4.0/../../../../avr/lib/avrxmega2\libc.a(calloc.o)
 .comment       0x0000005c       0x31 c:/program files (x86)/atmel/studio/7.0/toolchain/avr8/avr8-gnu-toolchain/bin/../lib/gcc/avr/5.4.0/../../../../avr/lib/avrxmega2\libc.a(malloc.o)
 .comment       0x0000005c       0x31 c:/program files (x86)/atmel/studio/7.0/toolchain/avr8/avr8-gnu-toolchain/bin/../lib/gcc/avr/5.4.0/../../../../avr/lib/avrxmega2\libc.a(fputc.o)

.note.gnu.avr.deviceinfo
                0x00000000       0x40
 .note.gnu.avr.deviceinfo
                0x00000000       0x40 C:/Program Files (x86)/Atmel/Studio/7.0/Packs/atmel/XMEGAA_DFP/1.1.68/gcc/dev/atxmega32a4u/avrxmega2/crtatxmega32a4u.o

.note.gnu.build-id
 *(.note.gnu.build-id)

.debug
 *(.debug)

.line
 *(.line)

.debug_srcinfo
 *(.debug_srcinfo)

.debug_sfnames
 *(.debug_sfnames)

.debug_aranges  0x00000000      0x508
 *(.debug_aranges)
 .debug_aranges
                0x00000000       0x20 src/ASF/common/boards/user_board/init.o
 .debug_aranges
                0x00000020       0x40 src/ASF/common/services/clock/xmega/sysclk.o
 .debug_aranges
                0x00000060       0x20 src/ASF/common/utils/stdio/read.o
 .debug_aranges
                0x00000080       0x20 src/ASF/common/utils/stdio/write.o
 .debug_aranges
                0x000000a0       0x48 src/ASF/xmega/drivers/adc/adc.o
 .debug_aranges
                0x000000e8       0x58 src/ASF/xmega/drivers/adc/xmega_aau/adc_aau.o
 .debug_aranges
                0x00000140       0x28 src/ASF/xmega/drivers/nvm/nvm_asm.o
 .debug_aranges
                0x00000168      0x128 src/ASF/xmega/drivers/tc/tc.o
 .debug_aranges
                0x00000290       0x40 src/ASF/xmega/drivers/twi/twim.o
 .debug_aranges
                0x000002d0       0x58 src/ASF/xmega/drivers/usart/usart.o
 .debug_aranges
                0x00000328       0x30 src/Drivers/adc.o
 .debug_aranges
                0x00000358       0x50 src/Drivers/imu.o
 .debug_aranges
                0x000003a8       0x30 src/Drivers/MahonyAHRS.o
 .debug_aranges
                0x000003d8       0xa8 src/Drivers/mpu9250.o
 .debug_aranges
                0x00000480       0x40 src/Drivers/uart.o
 .debug_aranges
                0x000004c0       0x48 src/main.o

.debug_pubnames
 *(.debug_pubnames)

.debug_info     0x00000000    0x12266
 *(.debug_info .gnu.linkonce.wi.*)
 .debug_info    0x00000000     0x284f C:/Program Files (x86)/Atmel/Studio/7.0/Packs/atmel/XMEGAA_DFP/1.1.68/gcc/dev/atxmega32a4u/avrxmega2/crtatxmega32a4u.o
 .debug_info    0x0000284f      0x1d3 src/ASF/common/boards/user_board/init.o
 .debug_info    0x00002a22      0x711 src/ASF/common/services/clock/xmega/sysclk.o
 .debug_info    0x00003133      0x119 src/ASF/common/utils/stdio/read.o
 .debug_info    0x0000324c      0x119 src/ASF/common/utils/stdio/write.o
 .debug_info    0x00003365      0xa3a src/ASF/xmega/drivers/adc/adc.o
 .debug_info    0x00003d9f      0xd2a src/ASF/xmega/drivers/adc/xmega_aau/adc_aau.o
 .debug_info    0x00004ac9       0x6f src/ASF/xmega/drivers/nvm/nvm_asm.o
 .debug_info    0x00004b38     0x16da src/ASF/xmega/drivers/tc/tc.o
 .debug_info    0x00006212      0x90a src/ASF/xmega/drivers/twi/twim.o
 .debug_info    0x00006b1c     0x2d63 src/ASF/xmega/drivers/usart/usart.o
 .debug_info    0x0000987f      0x833 src/Drivers/adc.o
 .debug_info    0x0000a0b2      0xac0 src/Drivers/imu.o
 .debug_info    0x0000ab72      0x503 src/Drivers/MahonyAHRS.o
 .debug_info    0x0000b075     0x1ea9 src/Drivers/mpu9250.o
 .debug_info    0x0000cf1e     0x2369 src/Drivers/uart.o
 .debug_info    0x0000f287     0x2fdf src/main.o

.debug_abbrev   0x00000000     0x4b02
 *(.debug_abbrev)
 .debug_abbrev  0x00000000     0x262c C:/Program Files (x86)/Atmel/Studio/7.0/Packs/atmel/XMEGAA_DFP/1.1.68/gcc/dev/atxmega32a4u/avrxmega2/crtatxmega32a4u.o
 .debug_abbrev  0x0000262c       0xdc src/ASF/common/boards/user_board/init.o
 .debug_abbrev  0x00002708      0x218 src/ASF/common/services/clock/xmega/sysclk.o
 .debug_abbrev  0x00002920       0xc5 src/ASF/common/utils/stdio/read.o
 .debug_abbrev  0x000029e5       0xa7 src/ASF/common/utils/stdio/write.o
 .debug_abbrev  0x00002a8c      0x2a7 src/ASF/xmega/drivers/adc/adc.o
 .debug_abbrev  0x00002d33      0x320 src/ASF/xmega/drivers/adc/xmega_aau/adc_aau.o
 .debug_abbrev  0x00003053       0x12 src/ASF/xmega/drivers/nvm/nvm_asm.o
 .debug_abbrev  0x00003065      0x29b src/ASF/xmega/drivers/tc/tc.o
 .debug_abbrev  0x00003300      0x2e9 src/ASF/xmega/drivers/twi/twim.o
 .debug_abbrev  0x000035e9      0x3f5 src/ASF/xmega/drivers/usart/usart.o
 .debug_abbrev  0x000039de      0x293 src/Drivers/adc.o
 .debug_abbrev  0x00003c71      0x31b src/Drivers/imu.o
 .debug_abbrev  0x00003f8c       0xe6 src/Drivers/MahonyAHRS.o
 .debug_abbrev  0x00004072      0x3b7 src/Drivers/mpu9250.o
 .debug_abbrev  0x00004429      0x30b src/Drivers/uart.o
 .debug_abbrev  0x00004734      0x3ce src/main.o

.debug_line     0x00000000     0x9440
 *(.debug_line .debug_line.* .debug_line_end)
 .debug_line    0x00000000      0x391 C:/Program Files (x86)/Atmel/Studio/7.0/Packs/atmel/XMEGAA_DFP/1.1.68/gcc/dev/atxmega32a4u/avrxmega2/crtatxmega32a4u.o
 .debug_line    0x00000391      0xa26 src/ASF/common/boards/user_board/init.o
 .debug_line    0x00000db7      0x62d src/ASF/common/services/clock/xmega/sysclk.o
 .debug_line    0x000013e4      0x3d2 src/ASF/common/utils/stdio/read.o
 .debug_line    0x000017b6      0x3d9 src/ASF/common/utils/stdio/write.o
 .debug_line    0x00001b8f      0x786 src/ASF/xmega/drivers/adc/adc.o
 .debug_line    0x00002315      0x8d1 src/ASF/xmega/drivers/adc/xmega_aau/adc_aau.o
 .debug_line    0x00002be6      0x11f src/ASF/xmega/drivers/nvm/nvm_asm.o
 .debug_line    0x00002d05      0xcb1 src/ASF/xmega/drivers/tc/tc.o
 .debug_line    0x000039b6      0x624 src/ASF/xmega/drivers/twi/twim.o
 .debug_line    0x00003fda      0xc0b src/ASF/xmega/drivers/usart/usart.o
 .debug_line    0x00004be5      0xb06 src/Drivers/adc.o
 .debug_line    0x000056eb      0xc34 src/Drivers/imu.o
 .debug_line    0x0000631f      0x393 src/Drivers/MahonyAHRS.o
 .debug_line    0x000066b2     0x11f4 src/Drivers/mpu9250.o
 .debug_line    0x000078a6      0xbcc src/Drivers/uart.o
 .debug_line    0x00008472      0xfce src/main.o

.debug_frame    0x00000000     0x17f8
 *(.debug_frame)
 .debug_frame   0x00000000       0x24 src/ASF/common/boards/user_board/init.o
 .debug_frame   0x00000024       0x94 src/ASF/common/services/clock/xmega/sysclk.o
 .debug_frame   0x000000b8       0x34 src/ASF/common/utils/stdio/read.o
 .debug_frame   0x000000ec       0x24 src/ASF/common/utils/stdio/write.o
 .debug_frame   0x00000110       0xbc src/ASF/xmega/drivers/adc/adc.o
 .debug_frame   0x000001cc      0x284 src/ASF/xmega/drivers/adc/xmega_aau/adc_aau.o
 .debug_frame   0x00000450      0x9b4 src/ASF/xmega/drivers/tc/tc.o
 .debug_frame   0x00000e04      0x110 src/ASF/xmega/drivers/twi/twim.o
 .debug_frame   0x00000f14      0x14c src/ASF/xmega/drivers/usart/usart.o
 .debug_frame   0x00001060       0x60 src/Drivers/adc.o
 .debug_frame   0x000010c0      0x144 src/Drivers/imu.o
 .debug_frame   0x00001204      0x11c src/Drivers/MahonyAHRS.o
 .debug_frame   0x00001320      0x350 src/Drivers/mpu9250.o
 .debug_frame   0x00001670       0xb8 src/Drivers/uart.o
 .debug_frame   0x00001728       0xd0 src/main.o

.debug_str      0x00000000    0x2ec18
 *(.debug_str)
 .debug_str     0x00000000     0x1aa8 C:/Program Files (x86)/Atmel/Studio/7.0/Packs/atmel/XMEGAA_DFP/1.1.68/gcc/dev/atxmega32a4u/avrxmega2/crtatxmega32a4u.o
 .debug_str     0x00001aa8    0x29033 src/ASF/common/boards/user_board/init.o
                              0x29717 (size before relaxing)
 .debug_str     0x0002aadb      0x34c src/ASF/common/services/clock/xmega/sysclk.o
                              0x27d27 (size before relaxing)
 .debug_str     0x0002ae27       0x25 src/ASF/common/utils/stdio/read.o
                              0x265c7 (size before relaxing)
 .debug_str     0x0002ae4c       0x26 src/ASF/common/utils/stdio/write.o
                              0x265c9 (size before relaxing)
 .debug_str     0x0002ae72      0x480 src/ASF/xmega/drivers/adc/adc.o
                              0x2871a (size before relaxing)
 .debug_str     0x0002b2f2      0x592 src/ASF/xmega/drivers/adc/xmega_aau/adc_aau.o
                              0x2898f (size before relaxing)
 .debug_str     0x0002b884      0x79e src/ASF/xmega/drivers/tc/tc.o
                              0x285b1 (size before relaxing)
 .debug_str     0x0002c022      0x47a src/ASF/xmega/drivers/twi/twim.o
                              0x26c4c (size before relaxing)
 .debug_str     0x0002c49c      0x8e3 src/ASF/xmega/drivers/usart/usart.o
                              0x29073 (size before relaxing)
 .debug_str     0x0002cd7f       0x3b src/Drivers/adc.o
                              0x29d4f (size before relaxing)
 .debug_str     0x0002cdba     0x1333 src/Drivers/imu.o
                              0x2ada7 (size before relaxing)
 .debug_str     0x0002e0ed      0x12c src/Drivers/MahonyAHRS.o
                               0x304b (size before relaxing)
 .debug_str     0x0002e219      0x300 src/Drivers/mpu9250.o
                              0x2ad49 (size before relaxing)
 .debug_str     0x0002e519      0x2b1 src/Drivers/uart.o
                              0x2a4f6 (size before relaxing)
 .debug_str     0x0002e7ca      0x44e src/main.o
                              0x2bafe (size before relaxing)

.debug_loc      0x00000000     0x7033
 *(.debug_loc)
 .debug_loc     0x00000000      0x2c5 src/ASF/common/services/clock/xmega/sysclk.o
 .debug_loc     0x000002c5       0x6e src/ASF/common/utils/stdio/read.o
 .debug_loc     0x00000333       0x52 src/ASF/common/utils/stdio/write.o
 .debug_loc     0x00000385      0x25b src/ASF/xmega/drivers/adc/adc.o
 .debug_loc     0x000005e0      0x993 src/ASF/xmega/drivers/adc/xmega_aau/adc_aau.o
 .debug_loc     0x00000f73     0x1608 src/ASF/xmega/drivers/tc/tc.o
 .debug_loc     0x0000257b      0x4b4 src/ASF/xmega/drivers/twi/twim.o
 .debug_loc     0x00002a2f      0xdfa src/ASF/xmega/drivers/usart/usart.o
 .debug_loc     0x00003829      0x118 src/Drivers/adc.o
 .debug_loc     0x00003941      0x3a7 src/Drivers/imu.o
 .debug_loc     0x00003ce8      0xdc5 src/Drivers/MahonyAHRS.o
 .debug_loc     0x00004aad     0x1934 src/Drivers/mpu9250.o
 .debug_loc     0x000063e1      0x2a1 src/Drivers/uart.o
 .debug_loc     0x00006682      0x9b1 src/main.o

.debug_macinfo
 *(.debug_macinfo)

.debug_weaknames
 *(.debug_weaknames)

.debug_funcnames
 *(.debug_funcnames)

.debug_typenames
 *(.debug_typenames)

.debug_varnames
 *(.debug_varnames)

.debug_pubtypes
 *(.debug_pubtypes)

.debug_ranges   0x00000000      0x478
 *(.debug_ranges)
 .debug_ranges  0x00000000       0x10 src/ASF/common/boards/user_board/init.o
 .debug_ranges  0x00000010       0x30 src/ASF/common/services/clock/xmega/sysclk.o
 .debug_ranges  0x00000040       0x10 src/ASF/common/utils/stdio/read.o
 .debug_ranges  0x00000050       0x10 src/ASF/common/utils/stdio/write.o
 .debug_ranges  0x00000060       0x38 src/ASF/xmega/drivers/adc/adc.o
 .debug_ranges  0x00000098       0x48 src/ASF/xmega/drivers/adc/xmega_aau/adc_aau.o
 .debug_ranges  0x000000e0       0x20 src/ASF/xmega/drivers/nvm/nvm_asm.o
 .debug_ranges  0x00000100      0x118 src/ASF/xmega/drivers/tc/tc.o
 .debug_ranges  0x00000218       0x60 src/ASF/xmega/drivers/twi/twim.o
 .debug_ranges  0x00000278       0x80 src/ASF/xmega/drivers/usart/usart.o
 .debug_ranges  0x000002f8       0x20 src/Drivers/adc.o
 .debug_ranges  0x00000318       0x40 src/Drivers/imu.o
 .debug_ranges  0x00000358       0x20 src/Drivers/MahonyAHRS.o
 .debug_ranges  0x00000378       0x98 src/Drivers/mpu9250.o
 .debug_ranges  0x00000410       0x30 src/Drivers/uart.o
 .debug_ranges  0x00000440       0x38 src/main.o

.debug_macro    0x00000000     0xbe7e
 *(.debug_macro)
 .debug_macro   0x00000000      0x3a3 src/ASF/common/boards/user_board/init.o
 .debug_macro   0x000003a3      0xa60 src/ASF/common/boards/user_board/init.o
 .debug_macro   0x00000e03       0x10 src/ASF/common/boards/user_board/init.o
 .debug_macro   0x00000e13      0x1c9 src/ASF/common/boards/user_board/init.o
 .debug_macro   0x00000fdc      0x2fc src/ASF/common/boards/user_board/init.o
 .debug_macro   0x000012d8       0x9e src/ASF/common/boards/user_board/init.o
 .debug_macro   0x00001376     0x58bc src/ASF/common/boards/user_board/init.o
 .debug_macro   0x00006c32       0x9a src/ASF/common/boards/user_board/init.o
 .debug_macro   0x00006ccc       0xf1 src/ASF/common/boards/user_board/init.o
 .debug_macro   0x00006dbd       0x34 src/ASF/common/boards/user_board/init.o
 .debug_macro   0x00006df1       0x16 src/ASF/common/boards/user_board/init.o
 .debug_macro   0x00006e07       0x18 src/ASF/common/boards/user_board/init.o
 .debug_macro   0x00006e1f       0x5e src/ASF/common/boards/user_board/init.o
 .debug_macro   0x00006e7d       0x10 src/ASF/common/boards/user_board/init.o
 .debug_macro   0x00006e8d       0x22 src/ASF/common/boards/user_board/init.o
 .debug_macro   0x00006eaf      0x16d src/ASF/common/boards/user_board/init.o
 .debug_macro   0x0000701c       0x1c src/ASF/common/boards/user_board/init.o
 .debug_macro   0x00007038       0x35 src/ASF/common/boards/user_board/init.o
 .debug_macro   0x0000706d       0x66 src/ASF/common/boards/user_board/init.o
 .debug_macro   0x000070d3      0x6d7 src/ASF/common/boards/user_board/init.o
 .debug_macro   0x000077aa       0x96 src/ASF/common/boards/user_board/init.o
 .debug_macro   0x00007840       0x17 src/ASF/common/boards/user_board/init.o
 .debug_macro   0x00007857      0x250 src/ASF/common/boards/user_board/init.o
 .debug_macro   0x00007aa7       0x76 src/ASF/common/boards/user_board/init.o
 .debug_macro   0x00007b1d       0x16 src/ASF/common/boards/user_board/init.o
 .debug_macro   0x00007b33      0x6d9 src/ASF/common/boards/user_board/init.o
 .debug_macro   0x0000820c       0x10 src/ASF/common/boards/user_board/init.o
 .debug_macro   0x0000821c      0x175 src/ASF/common/boards/user_board/init.o
 .debug_macro   0x00008391       0x40 src/ASF/common/boards/user_board/init.o
 .debug_macro   0x000083d1       0x69 src/ASF/common/boards/user_board/init.o
 .debug_macro   0x0000843a       0x31 src/ASF/common/boards/user_board/init.o
 .debug_macro   0x0000846b       0xe4 src/ASF/common/boards/user_board/init.o
 .debug_macro   0x0000854f       0x10 src/ASF/common/boards/user_board/init.o
 .debug_macro   0x0000855f       0x20 src/ASF/common/boards/user_board/init.o
 .debug_macro   0x0000857f       0x10 src/ASF/common/boards/user_board/init.o
 .debug_macro   0x0000858f       0x42 src/ASF/common/boards/user_board/init.o
 .debug_macro   0x000085d1       0x22 src/ASF/common/boards/user_board/init.o
 .debug_macro   0x000085f3      0x2c3 src/ASF/common/boards/user_board/init.o
 .debug_macro   0x000088b6       0x64 src/ASF/common/boards/user_board/init.o
 .debug_macro   0x0000891a       0x2f src/ASF/common/boards/user_board/init.o
 .debug_macro   0x00008949      0x154 src/ASF/common/boards/user_board/init.o
 .debug_macro   0x00008a9d       0xe3 src/ASF/common/boards/user_board/init.o
 .debug_macro   0x00008b80       0x34 src/ASF/common/boards/user_board/init.o
 .debug_macro   0x00008bb4       0x28 src/ASF/common/boards/user_board/init.o
 .debug_macro   0x00008bdc       0x22 src/ASF/common/boards/user_board/init.o
 .debug_macro   0x00008bfe       0x7c src/ASF/common/boards/user_board/init.o
 .debug_macro   0x00008c7a      0x102 src/ASF/common/boards/user_board/init.o
 .debug_macro   0x00008d7c       0x40 src/ASF/common/boards/user_board/init.o
 .debug_macro   0x00008dbc       0x2e src/ASF/common/boards/user_board/init.o
 .debug_macro   0x00008dea       0x58 src/ASF/common/boards/user_board/init.o
 .debug_macro   0x00008e42       0x10 src/ASF/common/boards/user_board/init.o
 .debug_macro   0x00008e52       0xf2 src/ASF/common/boards/user_board/init.o
 .debug_macro   0x00008f44       0x3a src/ASF/common/boards/user_board/init.o
 .debug_macro   0x00008f7e       0x18 src/ASF/common/boards/user_board/init.o
 .debug_macro   0x00008f96       0x16 src/ASF/common/boards/user_board/init.o
 .debug_macro   0x00008fac       0x22 src/ASF/common/boards/user_board/init.o
 .debug_macro   0x00008fce       0x10 src/ASF/common/boards/user_board/init.o
 .debug_macro   0x00008fde       0x28 src/ASF/common/boards/user_board/init.o
 .debug_macro   0x00009006      0x1e6 src/ASF/common/services/clock/xmega/sysclk.o
 .debug_macro   0x000091ec       0x26 src/ASF/common/services/clock/xmega/sysclk.o
 .debug_macro   0x00009212      0x16d src/ASF/common/utils/stdio/read.o
 .debug_macro   0x0000937f      0x16d src/ASF/common/utils/stdio/write.o
 .debug_macro   0x000094ec      0x23a src/ASF/xmega/drivers/adc/adc.o
 .debug_macro   0x00009726      0x23a src/ASF/xmega/drivers/adc/xmega_aau/adc_aau.o
 .debug_macro   0x00009960      0x230 src/ASF/xmega/drivers/tc/tc.o
 .debug_macro   0x00009b90      0x302 src/ASF/xmega/drivers/tc/tc.o
 .debug_macro   0x00009e92       0x12 src/ASF/xmega/drivers/tc/tc.o
 .debug_macro   0x00009ea4      0x198 src/ASF/xmega/drivers/twi/twim.o
 .debug_macro   0x0000a03c      0x22c src/ASF/xmega/drivers/usart/usart.o
 .debug_macro   0x0000a268      0x3ad src/Drivers/adc.o
 .debug_macro   0x0000a615      0x3c7 src/Drivers/imu.o
 .debug_macro   0x0000a9dc      0x166 src/Drivers/imu.o
 .debug_macro   0x0000ab42       0x60 src/Drivers/imu.o
 .debug_macro   0x0000aba2      0x356 src/Drivers/imu.o
 .debug_macro   0x0000aef8       0x10 src/Drivers/imu.o
 .debug_macro   0x0000af08       0x16 src/Drivers/imu.o
 .debug_macro   0x0000af1e       0x35 src/Drivers/MahonyAHRS.o
 .debug_macro   0x0000af53      0x3b2 src/Drivers/mpu9250.o
 .debug_macro   0x0000b305      0x350 src/Drivers/mpu9250.o
 .debug_macro   0x0000b655      0x3ac src/Drivers/uart.o
 .debug_macro   0x0000ba01       0x64 src/Drivers/uart.o
 .debug_macro   0x0000ba65      0x419 src/main.o
OUTPUT(RDP.elf elf32-avr)
LOAD linker stubs
